[rank 5/8] 1/8 videos | threads=24 (quota=198) | torch=24 | cuda_devices=1
[rank 5] pipeline built in 8.9s
2026-08-09 22:06:10,017 - vipe.slam.components.buffer - INFO - BA iters = 16, energy: 9.550130635499954 -> 5.735716283321381
2026-08-09 22:06:10,365 - vipe.slam.components.buffer - INFO - BA iters = 16, energy: 1.7238030433654785 -> 0.9848166406154633
2026-08-09 22:06:10,703 - vipe.slam.components.buffer - INFO - BA iters = 16, energy: 1.0127507150173187 -> 0.8512488156557083
2026-08-09 22:06:11,144 - vipe.slam.components.buffer - INFO - BA iters = 16, energy: 1.3931885957717896 -> 0.8823981136083603
2026-08-09 22:06:11,365 - vipe.slam.components.buffer - INFO - BA iters = 16, energy: 0.9290283769369125 -> 0.878202885389328
2026-08-09 22:06:11,584 - vipe.slam.components.buffer - INFO - BA iters = 16, energy: 0.8920160681009293 -> 0.8593616336584091
2026-08-09 22:06:11,811 - vipe.slam.components.buffer - INFO - BA iters = 16, energy: 0.8706317692995071 -> 0.846827894449234
2026-08-09 22:06:12,167 - vipe.slam.components.buffer - INFO - BA iters = 16, energy: 7.675678938627243 -> 5.825150489807129
2026-08-09 22:06:12,516 - vipe.slam.components.buffer - INFO - BA iters = 16, energy: 1.6954187750816345 -> 0.9616738110780716
2026-08-09 22:06:12,857 - vipe.slam.components.buffer - INFO - BA iters = 16, energy: 1.0236642807722092 -> 0.8562860786914825
2026-08-09 22:06:13,196 - vipe.slam.components.buffer - INFO - BA iters = 16, energy: 0.9396178722381592 -> 0.8554683774709702
2026-08-09 22:06:13,548 - vipe.slam.components.buffer - INFO - BA iters = 16, energy: 0.9030894041061401 -> 0.8537934422492981
2026-08-09 22:06:13,882 - vipe.slam.components.buffer - INFO - BA iters = 16, energy: 0.867779940366745 -> 0.8388115018606186
2026-08-09 22:06:14,216 - vipe.slam.components.buffer - INFO - BA iters = 16, energy: 0.8509610593318939 -> 0.8313287198543549
2026-08-09 22:06:14,550 - vipe.slam.components.buffer - INFO - BA iters = 16, energy: 0.8332771062850952 -> 0.8179502934217453
2026-08-09 22:06:14,884 - vipe.slam.components.buffer - INFO - BA iters = 16, energy: 0.8173673748970032 -> 0.8035047650337219
2026-08-09 22:06:15,223 - vipe.slam.components.buffer - INFO - BA iters = 16, energy: 0.805604100227356 -> 0.7923255264759064
2026-08-09 22:06:15,564 - vipe.slam.components.buffer - INFO - BA iters = 16, energy: 0.7930399477481842 -> 0.7817085087299347
2026-08-09 22:06:15,906 - vipe.slam.components.buffer - INFO - BA iters = 16, energy: 0.7821530103683472 -> 0.7719057500362396
2026-08-09 22:06:16,358 - vipe.slam.components.buffer - INFO - BA iters = 16, energy: 0.7744130045175552 -> 0.7644079029560089
2026-08-09 22:06:16,578 - vipe.slam.components.buffer - INFO - BA iters = 16, energy: 0.7679516971111298 -> 0.7579954564571381
2026-08-09 22:06:16,797 - vipe.slam.components.buffer - INFO - BA iters = 16, energy: 0.7619255110621452 -> 0.7517746835947037
2026-08-09 22:06:17,018 - vipe.slam.components.buffer - INFO - BA iters = 16, energy: 0.7568259537220001 -> 0.7464526146650314
2026-08-09 22:06:17,237 - vipe.slam.components.buffer - INFO - BA iters = 16, energy: 0.7523303255438805 -> 0.7416502013802528
2026-08-09 22:06:17,458 - vipe.slam.components.buffer - INFO - BA iters = 16, energy: 0.7481416091322899 -> 0.7372403219342232
2026-08-09 22:06:17,680 - vipe.slam.components.buffer - INFO - BA iters = 16, energy: 0.7448070719838142 -> 0.7336563393473625
2026-08-09 22:06:17,901 - vipe.slam.components.buffer - INFO - BA iters = 16, energy: 0.7413758337497711 -> 0.7300520315766335
2026-08-09 22:06:18,125 - vipe.slam.components.buffer - INFO - BA iters = 16, energy: 0.7389178276062012 -> 0.7273116856813431
2026-08-09 22:06:18,346 - vipe.slam.components.buffer - INFO - BA iters = 16, energy: 0.7358425483107567 -> 0.7239184156060219
2026-08-09 22:06:18,564 - vipe.slam.components.buffer - INFO - BA iters = 16, energy: 0.7344483211636543 -> 0.7221942096948624
2026-08-09 22:06:18,782 - vipe.slam.components.buffer - INFO - BA iters = 16, energy: 0.7318120002746582 -> 0.7191490605473518
2026-08-09 22:06:26,811 - vipe.pipeline.default - INFO - Saving artifacts to ArtifactPath(base_path=PosixPath('/prj/corp/airesearch/lasvegas/vol22-scratch/users/tanngo/PhD/ray_learning/speed_up_video_evaluation/results/vipe_main/fork_g8/artifacts'), artifact_name='recam3')
2026-08-09 22:06:32,381 - vipe.pipeline.processors - INFO - Minimum UV score: 0.3100
[rank 5] 1/1 recam3 wall=56.22s cpu=184.4s gpu_util=22.87% cores_busy=3.3
[rank 5] DONE 1 videos in 57.3s -> /prj/corp/airesearch/lasvegas/vol22-scratch/users/tanngo/PhD/ray_learning/speed_up_video_evaluation/results/vipe_main/fork_g8/shard_5.json
