[rank 0/4] 12/48 videos | threads=49 (quota=198) | torch=49 | cuda_devices=1 | policy=original
Using a slow image processor as `use_fast` is unset and a slow processor was saved with this model. `use_fast=True` will be the default behavior in v4.52, even if the model was saved with a slow processor. This will result in minor differences in outputs. You'll still be able to use a slow processor with `use_fast=False`.
/usr2/tanngo/vol11/miniconda3/envs/vipe-new/lib/python3.11/site-packages/torchvision/models/_utils.py:208: UserWarning: The parameter 'pretrained' is deprecated since 0.13 and may be removed in the future, please use 'weights' instead.
  warnings.warn(
/usr2/tanngo/vol11/miniconda3/envs/vipe-new/lib/python3.11/site-packages/torchvision/models/_utils.py:223: UserWarning: Arguments other than a weight enum or `None` for 'weights' are deprecated since 0.13 and may be removed in the future. The current behavior is equivalent to passing `weights=VGG16_Weights.IMAGENET1K_V1`. You can also use `weights=VGG16_Weights.DEFAULT` to get the most up-to-date weights.
  warnings.warn(msg)
[rank 0] models loaded in 11.1s
[rank 0] 1/12 recam1_0000 wall=19.36s cpu=583.2s gpu_busy=1.09s gpu_util=5.64% cores_busy=30.1
[rank 0] 2/12 recam1_0004 wall=19.94s cpu=589.1s gpu_busy=0.96s gpu_util=4.83% cores_busy=29.6
[rank 0] 3/12 recam1_0008 wall=19.81s cpu=591.6s gpu_busy=0.8s gpu_util=4.05% cores_busy=29.9
[rank 0] 4/12 recam1_0012 wall=17.97s cpu=566.8s gpu_busy=1.13s gpu_util=6.28% cores_busy=31.5
[rank 0] 5/12 recam1_0016 wall=17.03s cpu=537.9s gpu_busy=0.9s gpu_util=5.31% cores_busy=31.6
[rank 0] 6/12 recam1_0020 wall=17.88s cpu=564.8s gpu_busy=1.21s gpu_util=6.75% cores_busy=31.6
[rank 0] 7/12 recam1_0024 wall=17.56s cpu=556.8s gpu_busy=0.98s gpu_util=5.58% cores_busy=31.7
[rank 0] 8/12 recam1_0028 wall=16.89s cpu=533.9s gpu_busy=1.1s gpu_util=6.52% cores_busy=31.6
[rank 0] 9/12 recam1_0032 wall=17.58s cpu=557.1s gpu_busy=0.96s gpu_util=5.47% cores_busy=31.7
[rank 0] 10/12 recam1_0036 wall=17.19s cpu=544.7s gpu_busy=1.05s gpu_util=6.09% cores_busy=31.7
[rank 0] 11/12 recam1_0040 wall=17.69s cpu=564.5s gpu_busy=0.87s gpu_util=4.91% cores_busy=31.9
[rank 0] 12/12 recam1_0044 wall=16.27s cpu=508.4s gpu_busy=1.17s gpu_util=7.19% cores_busy=31.2
[rank 0] DONE 12 videos in 215.2s -> /prj/corp/airesearch/lasvegas/vol22-scratch/users/tanngo/PhD/ray_learning/speed_up_video_evaluation/results/movebench_main/fork_g4/shard_0.json
