[rank 1/4] 12/48 videos | threads=49 (quota=198) | torch=49 | cuda_devices=1 | policy=original
Using a slow image processor as `use_fast` is unset and a slow processor was saved with this model. `use_fast=True` will be the default behavior in v4.52, even if the model was saved with a slow processor. This will result in minor differences in outputs. You'll still be able to use a slow processor with `use_fast=False`.
/usr2/tanngo/vol11/miniconda3/envs/vipe-new/lib/python3.11/site-packages/torchvision/models/_utils.py:208: UserWarning: The parameter 'pretrained' is deprecated since 0.13 and may be removed in the future, please use 'weights' instead.
  warnings.warn(
/usr2/tanngo/vol11/miniconda3/envs/vipe-new/lib/python3.11/site-packages/torchvision/models/_utils.py:223: UserWarning: Arguments other than a weight enum or `None` for 'weights' are deprecated since 0.13 and may be removed in the future. The current behavior is equivalent to passing `weights=VGG16_Weights.IMAGENET1K_V1`. You can also use `weights=VGG16_Weights.DEFAULT` to get the most up-to-date weights.
  warnings.warn(msg)
[rank 1] models loaded in 11.1s
[rank 1] 1/12 recam1_0001 wall=20.03s cpu=593.1s gpu_busy=0.79s gpu_util=3.95% cores_busy=29.6
[rank 1] 2/12 recam1_0005 wall=16.96s cpu=549.7s gpu_busy=1.07s gpu_util=6.31% cores_busy=32.4
[rank 1] 3/12 recam1_0009 wall=16.80s cpu=543.0s gpu_busy=1.01s gpu_util=6.02% cores_busy=32.3
[rank 1] 4/12 recam1_0013 wall=16.74s cpu=545.1s gpu_busy=1.15s gpu_util=6.84% cores_busy=32.6
[rank 1] 5/12 recam1_0017 wall=17.22s cpu=557.0s gpu_busy=0.98s gpu_util=5.71% cores_busy=32.3
[rank 1] 6/12 recam1_0021 wall=16.57s cpu=528.9s gpu_busy=1.07s gpu_util=6.45% cores_busy=31.9
[rank 1] 7/12 recam1_0025 wall=17.12s cpu=558.1s gpu_busy=1.07s gpu_util=6.26% cores_busy=32.6
[rank 1] 8/12 recam1_0029 wall=16.89s cpu=544.3s gpu_busy=1.04s gpu_util=6.13% cores_busy=32.2
[rank 1] 9/12 recam1_0033 wall=17.48s cpu=555.0s gpu_busy=1.15s gpu_util=6.6% cores_busy=31.8
[rank 1] 10/12 recam1_0037 wall=16.23s cpu=510.2s gpu_busy=1.01s gpu_util=6.21% cores_busy=31.4
[rank 1] 11/12 recam1_0041 wall=17.62s cpu=565.8s gpu_busy=1.09s gpu_util=6.2% cores_busy=32.1
[rank 1] 12/12 recam1_0045 wall=17.44s cpu=562.1s gpu_busy=1.17s gpu_util=6.73% cores_busy=32.2
[rank 1] DONE 12 videos in 207.1s -> /prj/corp/airesearch/lasvegas/vol22-scratch/users/tanngo/PhD/ray_learning/speed_up_video_evaluation/results/movebench_main/fork_g4/shard_1.json
