$ /usr2/tanngo/vol11/miniconda3/envs/vipe-new/bin/python /prj/corp/airesearch/lasvegas/vol22-scratch/users/tanngo/PhD/ray_learning/speed_up_video_evaluation/movebench/run_ray.py --dataset data/eval81 --gpus 8 --threads-mode auto --out /prj/corp/airesearch/lasvegas/vol22-scratch/users/tanngo/PhD/ray_learning/speed_up_video_evaluation/results/movebench_rayarms/ray-auto_g8 --limit 48 --max-frames 24

2026-08-09 22:11:20,274	WARNING utils.py:461 -- Detecting docker specified CPUs. In previous versions of Ray, CPU detection in containers was incorrect. Please ensure that Ray has enough CPUs allocated. As a temporary workaround to revert to the prior behavior, set `RAY_USE_MULTIPROCESSING_CPU_COUNT=1` as an env var before starting Ray. Set the env var: `RAY_DISABLE_DOCKER_CPU_WARNING=1` to mute this warning.
2026-08-09 22:11:21,668	INFO worker.py:2012 -- Started a local Ray instance.
/usr2/tanngo/vol11/miniconda3/envs/vipe-new/lib/python3.11/site-packages/ray/_private/worker.py:2051: FutureWarning: Tip: In future versions of Ray, Ray will no longer override accelerator visible devices env var if num_gpus=0 or num_gpus=None (default). To enable this behavior and turn off this error message, set RAY_ACCEL_ENV_VAR_OVERRIDE_ON_ZERO=0
  warnings.warn(
==============================================================
 launcher     : Ray actor pool (dynamic work queue)
 dataset      : data/eval81  (48 videos)
 pool size    : 8 actors (1 GPU each)
 CPU quota    : 198   | Ray detected: 198   | nproc: 256
 threads mode : auto   (Ray default -> expect OMP_NUM_THREADS=1 per actor)
 out          : /prj/corp/airesearch/lasvegas/vol22-scratch/users/tanngo/PhD/ray_learning/speed_up_video_evaluation/results/movebench_rayarms/ray-auto_g8
==============================================================
 actor pool ready in 14.5s
   actor 0: load=11.626s OMP=1 torch_threads=1
   actor 1: load=11.905s OMP=1 torch_threads=1
   actor 2: load=10.536s OMP=1 torch_threads=1
   actor 3: load=11.884s OMP=1 torch_threads=1
   actor 4: load=11.919s OMP=1 torch_threads=1
   actor 5: load=11.887s OMP=1 torch_threads=1
   actor 6: load=11.621s OMP=1 torch_threads=1
   actor 7: load=11.917s OMP=1 torch_threads=1
 [1/48] recam1_0004 actor=3 wall=194.29s cpu=196.0s gpu_util=0.49% cores_busy=1.0
 [2/48] recam1_0001 actor=6 wall=194.91s cpu=196.7s gpu_util=0.48% cores_busy=1.0
 [3/48] recam1_0007 actor=0 wall=195.08s cpu=196.9s gpu_util=0.48% cores_busy=1.0
 [4/48] recam1_0003 actor=4 wall=195.75s cpu=197.6s gpu_util=0.44% cores_busy=1.0
 [5/48] recam1_0006 actor=1 wall=195.89s cpu=197.7s gpu_util=0.51% cores_busy=1.0
 [6/48] recam1_0005 actor=2 wall=196.01s cpu=197.7s gpu_util=0.47% cores_busy=1.0
 [7/48] recam1_0000 actor=7 wall=196.38s cpu=198.2s gpu_util=0.46% cores_busy=1.0
 [8/48] recam1_0002 actor=5 wall=197.25s cpu=199.1s gpu_util=0.55% cores_busy=1.0
 [9/48] recam1_0008 actor=3 wall=193.49s cpu=194.9s gpu_util=0.48% cores_busy=1.0
 [10/48] recam1_0013 actor=2 wall=192.46s cpu=193.9s gpu_util=0.57% cores_busy=1.0
 [11/48] recam1_0012 actor=1 wall=192.82s cpu=194.2s gpu_util=0.57% cores_busy=1.0
 [12/48] recam1_0009 actor=6 wall=193.94s cpu=195.4s gpu_util=0.64% cores_busy=1.0
 [13/48] recam1_0014 actor=7 wall=193.13s cpu=194.5s gpu_util=0.47% cores_busy=1.0
 [14/48] recam1_0010 actor=0 wall=194.81s cpu=196.3s gpu_util=0.53% cores_busy=1.0
 [15/48] recam1_0011 actor=4 wall=194.25s cpu=195.7s gpu_util=0.45% cores_busy=1.0
 [16/48] recam1_0015 actor=5 wall=192.90s cpu=194.3s gpu_util=0.6% cores_busy=1.0
 [17/48] recam1_0017 actor=2 wall=192.63s cpu=194.0s gpu_util=0.58% cores_busy=1.0
 [18/48] recam1_0018 actor=1 wall=192.63s cpu=194.0s gpu_util=0.53% cores_busy=1.0
 [19/48] recam1_0020 actor=7 wall=192.53s cpu=193.9s gpu_util=0.56% cores_busy=1.0
 [20/48] recam1_0016 actor=3 wall=194.30s cpu=195.6s gpu_util=0.48% cores_busy=1.0
 [21/48] recam1_0023 actor=5 wall=193.22s cpu=194.7s gpu_util=0.64% cores_busy=1.0
 [22/48] recam1_0019 actor=6 wall=194.55s cpu=195.9s gpu_util=0.52% cores_busy=1.0
 [23/48] recam1_0022 actor=4 wall=193.78s cpu=195.2s gpu_util=0.38% cores_busy=1.0
 [24/48] recam1_0021 actor=0 wall=194.54s cpu=195.9s gpu_util=0.56% cores_busy=1.0
 [25/48] recam1_0024 actor=2 wall=191.82s cpu=193.2s gpu_util=0.53% cores_busy=1.0
 [26/48] recam1_0025 actor=1 wall=192.71s cpu=194.1s gpu_util=0.53% cores_busy=1.0
 [27/48] recam1_0026 actor=7 wall=192.78s cpu=194.1s gpu_util=0.67% cores_busy=1.0
 [28/48] recam1_0027 actor=3 wall=193.99s cpu=195.3s gpu_util=0.55% cores_busy=1.0
 [29/48] recam1_0028 actor=5 wall=193.42s cpu=194.9s gpu_util=0.54% cores_busy=1.0
 [30/48] recam1_0030 actor=4 wall=193.61s cpu=194.9s gpu_util=0.4% cores_busy=1.0
 [31/48] recam1_0029 actor=6 wall=194.74s cpu=196.1s gpu_util=0.51% cores_busy=1.0
 [32/48] recam1_0031 actor=0 wall=194.78s cpu=196.2s gpu_util=0.54% cores_busy=1.0
 [33/48] recam1_0032 actor=2 wall=193.27s cpu=194.7s gpu_util=0.52% cores_busy=1.0
 [34/48] recam1_0034 actor=7 wall=193.07s cpu=194.4s gpu_util=0.5% cores_busy=1.0
 [35/48] recam1_0033 actor=1 wall=194.04s cpu=195.4s gpu_util=0.41% cores_busy=1.0
 [36/48] recam1_0036 actor=5 wall=193.45s cpu=194.9s gpu_util=0.55% cores_busy=1.0
 [37/48] recam1_0035 actor=3 wall=194.17s cpu=195.5s gpu_util=0.41% cores_busy=1.0
 [38/48] recam1_0037 actor=4 wall=194.05s cpu=195.4s gpu_util=0.53% cores_busy=1.0
 [39/48] recam1_0038 actor=6 wall=194.32s cpu=195.6s gpu_util=0.51% cores_busy=1.0
 [40/48] recam1_0039 actor=0 wall=194.90s cpu=196.3s gpu_util=0.47% cores_busy=1.0
 [41/48] recam1_0040 actor=2 wall=192.97s cpu=194.4s gpu_util=0.57% cores_busy=1.0
 [42/48] recam1_0041 actor=7 wall=192.68s cpu=194.1s gpu_util=0.5% cores_busy=1.0
 [43/48] recam1_0042 actor=1 wall=193.57s cpu=195.0s gpu_util=0.6% cores_busy=1.0
 [44/48] recam1_0043 actor=5 wall=193.66s cpu=195.2s gpu_util=0.41% cores_busy=1.0
 [45/48] recam1_0044 actor=3 wall=193.66s cpu=194.9s gpu_util=0.5% cores_busy=1.0
 [46/48] recam1_0045 actor=4 wall=194.04s cpu=195.4s gpu_util=0.54% cores_busy=1.0
 [47/48] recam1_0046 actor=6 wall=194.06s cpu=195.5s gpu_util=0.5% cores_busy=1.0
 [48/48] recam1_0047 actor=0 wall=193.73s cpu=195.1s gpu_util=0.5% cores_busy=1.0
 merged       : 8 shards, 48 videos
   tree-reduce round 1: 8 -> 4  (r0+r1) (r2+r3) (r4+r5) (r6+r7)
   tree-reduce round 2: 4 -> 2  ((r0+r1)+(r2+r3)) ((r4+r5)+(r6+r7))
   tree-reduce round 3: 2 -> 1  (((r0+r1)+(r2+r3))+((r4+r5)+(r6+r7)))
 scores       : clip=0.9421  epe=2.1085  lpips=0.2567  ssim=0.9197  psnr=27.9234
 imbalance    : 1.007x (slowest shard 1167.834s / fastest 1159.1s)
 per video    : cpu=195.393s  gpu_busy=1.0s
 summary      : /prj/corp/airesearch/lasvegas/vol22-scratch/users/tanngo/PhD/ray_learning/speed_up_video_evaluation/results/movebench_rayarms/ray-auto_g8/summary.json
--------------------------------------------------------------
 cold start   : 14.54s (actor pool + model load)
 compute      : 1167.85s
 wall clock   : 1182.40s
 per actor    : {0: 6, 1: 6, 2: 6, 3: 6, 4: 6, 5: 6, 6: 6, 7: 6} videos
