[rank 0/1] 48/48 videos | threads=0 (quota=198) | torch=128 | cuda_devices=1 | policy=original
Using a slow image processor as `use_fast` is unset and a slow processor was saved with this model. `use_fast=True` will be the default behavior in v4.52, even if the model was saved with a slow processor. This will result in minor differences in outputs. You'll still be able to use a slow processor with `use_fast=False`.
/usr2/tanngo/vol11/miniconda3/envs/vipe-new/lib/python3.11/site-packages/torchvision/models/_utils.py:208: UserWarning: The parameter 'pretrained' is deprecated since 0.13 and may be removed in the future, please use 'weights' instead.
  warnings.warn(
/usr2/tanngo/vol11/miniconda3/envs/vipe-new/lib/python3.11/site-packages/torchvision/models/_utils.py:223: UserWarning: Arguments other than a weight enum or `None` for 'weights' are deprecated since 0.13 and may be removed in the future. The current behavior is equivalent to passing `weights=VGG16_Weights.IMAGENET1K_V1`. You can also use `weights=VGG16_Weights.DEFAULT` to get the most up-to-date weights.
  warnings.warn(msg)
[rank 0] models loaded in 9.6s
[rank 0] 1/48 recam1_0000 wall=13.99s cpu=1011.3s gpu_busy=1.04s gpu_util=7.4% cores_busy=72.3
[rank 0] 2/48 recam1_0001 wall=13.90s cpu=1002.0s gpu_busy=1.06s gpu_util=7.63% cores_busy=72.1
[rank 0] 3/48 recam1_0002 wall=14.30s cpu=1012.2s gpu_busy=1.04s gpu_util=7.27% cores_busy=70.8
[rank 0] 4/48 recam1_0003 wall=14.18s cpu=1006.3s gpu_busy=1.04s gpu_util=7.33% cores_busy=71.0
[rank 0] 5/48 recam1_0004 wall=14.63s cpu=1023.5s gpu_busy=0.99s gpu_util=6.77% cores_busy=69.9
[rank 0] 6/48 recam1_0005 wall=14.15s cpu=1056.9s gpu_busy=1.07s gpu_util=7.59% cores_busy=74.7
[rank 0] 7/48 recam1_0006 wall=14.02s cpu=1030.6s gpu_busy=1.05s gpu_util=7.5% cores_busy=73.5
[rank 0] 8/48 recam1_0007 wall=14.61s cpu=1012.4s gpu_busy=0.89s gpu_util=6.07% cores_busy=69.3
[rank 0] 9/48 recam1_0008 wall=14.59s cpu=1009.5s gpu_busy=0.99s gpu_util=6.79% cores_busy=69.2
[rank 0] 10/48 recam1_0009 wall=14.66s cpu=1061.9s gpu_busy=0.78s gpu_util=5.29% cores_busy=72.4
[rank 0] 11/48 recam1_0010 wall=13.92s cpu=1036.0s gpu_busy=1.19s gpu_util=8.54% cores_busy=74.4
[rank 0] 12/48 recam1_0011 wall=14.24s cpu=1037.7s gpu_busy=2.87s gpu_util=20.14% cores_busy=72.9
[rank 0] 13/48 recam1_0012 wall=14.26s cpu=1038.3s gpu_busy=5.86s gpu_util=41.11% cores_busy=72.8
[rank 0] 14/48 recam1_0013 wall=14.75s cpu=1044.8s gpu_busy=3.42s gpu_util=23.22% cores_busy=70.8
[rank 0] 15/48 recam1_0014 wall=14.73s cpu=1021.3s gpu_busy=1.09s gpu_util=7.42% cores_busy=69.3
[rank 0] 16/48 recam1_0015 wall=14.27s cpu=990.6s gpu_busy=1.1s gpu_util=7.68% cores_busy=69.4
[rank 0] 17/48 recam1_0016 wall=14.62s cpu=1006.9s gpu_busy=1.12s gpu_util=7.67% cores_busy=68.9
[rank 0] 18/48 recam1_0017 wall=14.72s cpu=1014.7s gpu_busy=0.93s gpu_util=6.32% cores_busy=68.9
[rank 0] 19/48 recam1_0018 wall=14.81s cpu=1010.1s gpu_busy=1.08s gpu_util=7.3% cores_busy=68.2
[rank 0] 20/48 recam1_0019 wall=14.70s cpu=1006.2s gpu_busy=1.15s gpu_util=7.79% cores_busy=68.4
[rank 0] 21/48 recam1_0020 wall=14.81s cpu=1012.7s gpu_busy=0.92s gpu_util=6.21% cores_busy=68.4
[rank 0] 22/48 recam1_0021 wall=14.79s cpu=1019.4s gpu_busy=1.02s gpu_util=6.9% cores_busy=68.9
[rank 0] 23/48 recam1_0022 wall=14.67s cpu=1014.2s gpu_busy=0.89s gpu_util=6.08% cores_busy=69.1
[rank 0] 24/48 recam1_0023 wall=14.91s cpu=1026.7s gpu_busy=1.16s gpu_util=7.77% cores_busy=68.9
[rank 0] 25/48 recam1_0024 wall=14.68s cpu=1009.7s gpu_busy=0.97s gpu_util=6.59% cores_busy=68.8
[rank 0] 26/48 recam1_0025 wall=14.75s cpu=1016.0s gpu_busy=1.13s gpu_util=7.63% cores_busy=68.9
[rank 0] 27/48 recam1_0026 wall=14.65s cpu=1005.7s gpu_busy=0.85s gpu_util=5.81% cores_busy=68.7
[rank 0] 28/48 recam1_0027 wall=14.65s cpu=1010.8s gpu_busy=1.07s gpu_util=7.3% cores_busy=69.0
[rank 0] 29/48 recam1_0028 wall=14.80s cpu=1021.5s gpu_busy=1.09s gpu_util=7.33% cores_busy=69.0
[rank 0] 30/48 recam1_0029 wall=14.67s cpu=1014.8s gpu_busy=1.16s gpu_util=7.9% cores_busy=69.2
[rank 0] 31/48 recam1_0030 wall=14.65s cpu=1009.4s gpu_busy=0.95s gpu_util=6.52% cores_busy=68.9
[rank 0] 32/48 recam1_0031 wall=14.80s cpu=1020.1s gpu_busy=1.12s gpu_util=7.54% cores_busy=68.9
[rank 0] 33/48 recam1_0032 wall=14.78s cpu=1023.3s gpu_busy=0.99s gpu_util=6.72% cores_busy=69.2
[rank 0] 34/48 recam1_0033 wall=14.88s cpu=1017.9s gpu_busy=1.04s gpu_util=6.99% cores_busy=68.4
[rank 0] 35/48 recam1_0034 wall=14.72s cpu=1014.2s gpu_busy=1.24s gpu_util=8.41% cores_busy=68.9
[rank 0] 36/48 recam1_0035 wall=14.71s cpu=1011.4s gpu_busy=0.89s gpu_util=6.04% cores_busy=68.8
[rank 0] 37/48 recam1_0036 wall=14.76s cpu=1020.5s gpu_busy=1.15s gpu_util=7.8% cores_busy=69.2
[rank 0] 38/48 recam1_0037 wall=14.53s cpu=1010.4s gpu_busy=1.12s gpu_util=7.72% cores_busy=69.5
[rank 0] 39/48 recam1_0038 wall=14.73s cpu=1016.3s gpu_busy=0.99s gpu_util=6.72% cores_busy=69.0
[rank 0] 40/48 recam1_0039 wall=14.72s cpu=1016.3s gpu_busy=1.06s gpu_util=7.19% cores_busy=69.0
[rank 0] 41/48 recam1_0040 wall=14.59s cpu=1009.1s gpu_busy=1.09s gpu_util=7.46% cores_busy=69.2
[rank 0] 42/48 recam1_0041 wall=14.78s cpu=1007.1s gpu_busy=1.17s gpu_util=7.94% cores_busy=68.1
[rank 0] 43/48 recam1_0042 wall=14.65s cpu=1005.5s gpu_busy=1.02s gpu_util=7.0% cores_busy=68.6
[rank 0] 44/48 recam1_0043 wall=14.56s cpu=998.7s gpu_busy=1.17s gpu_util=8.04% cores_busy=68.6
[rank 0] 45/48 recam1_0044 wall=14.66s cpu=1012.6s gpu_busy=1.05s gpu_util=7.18% cores_busy=69.1
[rank 0] 46/48 recam1_0045 wall=14.64s cpu=1012.8s gpu_busy=1.14s gpu_util=7.81% cores_busy=69.2
[rank 0] 47/48 recam1_0046 wall=14.61s cpu=1010.3s gpu_busy=1.16s gpu_util=7.93% cores_busy=69.2
[rank 0] 48/48 recam1_0047 wall=14.57s cpu=1010.9s gpu_busy=1.05s gpu_util=7.22% cores_busy=69.4
[rank 0] DONE 48 videos in 699.8s -> /prj/corp/airesearch/lasvegas/vol22-scratch/users/tanngo/PhD/ray_learning/speed_up_video_evaluation/results/movebench_unpinned/fork-unpinned_g1/shard_0.json
