[rank 1/4] 2/8 videos | threads=0 (quota=198) | torch=128 | cuda_devices=1
[rank 1] pipeline built in 8.4s
2026-08-11 01:59:51,644 - vipe.slam.components.buffer - INFO - BA iters = 16, energy: 4.473199157975614 -> 3.8630989138036966
2026-08-11 01:59:51,974 - vipe.slam.components.buffer - INFO - BA iters = 16, energy: 1.1390974959358573 -> 0.7888170857913792
2026-08-11 01:59:52,303 - vipe.slam.components.buffer - INFO - BA iters = 16, energy: 0.760552563064266 -> 0.6886495805447339
2026-08-11 01:59:52,708 - vipe.slam.components.buffer - INFO - BA iters = 16, energy: 0.8897621631622314 -> 0.7249559245283308
2026-08-11 01:59:52,913 - vipe.slam.components.buffer - INFO - BA iters = 16, energy: 0.7528179965484014 -> 0.7509578798490111
2026-08-11 01:59:53,120 - vipe.slam.components.buffer - INFO - BA iters = 16, energy: 0.7660696838702279 -> 0.7655223453002691
2026-08-11 01:59:53,330 - vipe.slam.components.buffer - INFO - BA iters = 16, energy: 0.7639607036107918 -> 0.7636754269115045
2026-08-11 01:59:53,677 - vipe.slam.components.buffer - INFO - BA iters = 16, energy: 4.01579449124074 -> 3.8171560717746615
2026-08-11 01:59:54,005 - vipe.slam.components.buffer - INFO - BA iters = 16, energy: 1.170671389438212 -> 0.812544631655328
2026-08-11 01:59:54,331 - vipe.slam.components.buffer - INFO - BA iters = 16, energy: 0.7656153317657299 -> 0.6912445346824825
2026-08-11 01:59:54,657 - vipe.slam.components.buffer - INFO - BA iters = 16, energy: 0.735335401717748 -> 0.7241131320915883
2026-08-11 01:59:54,985 - vipe.slam.components.buffer - INFO - BA iters = 16, energy: 0.745423759562982 -> 0.7429803430823085
2026-08-11 01:59:55,318 - vipe.slam.components.buffer - INFO - BA iters = 16, energy: 0.7539330542640528 -> 0.7534847079805331
2026-08-11 01:59:55,644 - vipe.slam.components.buffer - INFO - BA iters = 16, energy: 0.7523710547357041 -> 0.7520787100220332
2026-08-11 01:59:55,970 - vipe.slam.components.buffer - INFO - BA iters = 16, energy: 0.7515367845444416 -> 0.7514329981240735
2026-08-11 01:59:56,296 - vipe.slam.components.buffer - INFO - BA iters = 16, energy: 0.745312077960989 -> 0.7452860478679213
2026-08-11 01:59:56,622 - vipe.slam.components.buffer - INFO - BA iters = 16, energy: 0.7411950234763935 -> 0.7411643507548433
2026-08-11 01:59:56,949 - vipe.slam.components.buffer - INFO - BA iters = 16, energy: 0.7356679084987263 -> 0.7356535668786819
2026-08-11 01:59:57,281 - vipe.slam.components.buffer - INFO - BA iters = 16, energy: 0.7321179385380674 -> 0.7321133161785838
2026-08-11 01:59:57,694 - vipe.slam.components.buffer - INFO - BA iters = 16, energy: 0.7276846623281017 -> 0.7272720548971847
2026-08-11 01:59:57,906 - vipe.slam.components.buffer - INFO - BA iters = 16, energy: 0.7242300722537038 -> 0.7242293150920887
2026-08-11 01:59:58,117 - vipe.slam.components.buffer - INFO - BA iters = 16, energy: 0.7202325256330369 -> 0.7202314026617387
2026-08-11 01:59:58,326 - vipe.slam.components.buffer - INFO - BA iters = 16, energy: 0.7173964865487505 -> 0.7173954147110635
2026-08-11 01:59:58,536 - vipe.slam.components.buffer - INFO - BA iters = 16, energy: 0.713891138382678 -> 0.713890295883175
2026-08-11 01:59:58,746 - vipe.slam.components.buffer - INFO - BA iters = 16, energy: 0.7115969475526072 -> 0.7115964950135094
2026-08-11 01:59:58,957 - vipe.slam.components.buffer - INFO - BA iters = 16, energy: 0.7085381806573423 -> 0.7085374842699821
2026-08-11 01:59:59,167 - vipe.slam.components.buffer - INFO - BA iters = 16, energy: 0.7062948595830676 -> 0.7062941519961896
2026-08-11 01:59:59,376 - vipe.slam.components.buffer - INFO - BA iters = 16, energy: 0.7037219731064397 -> 0.7037214076899545
2026-08-11 01:59:59,585 - vipe.slam.components.buffer - INFO - BA iters = 16, energy: 0.7017850315187388 -> 0.7017841899141786
2026-08-11 01:59:59,809 - vipe.slam.components.buffer - INFO - BA iters = 16, energy: 0.6994712316827645 -> 0.6994707080193621
2026-08-11 02:00:00,016 - vipe.slam.components.buffer - INFO - BA iters = 16, energy: 0.6977884862099017 -> 0.6977877082590567
2026-08-11 02:00:22,593 - vipe.pipeline.default - INFO - Saving artifacts to ArtifactPath(base_path=PosixPath('/prj/corp/airesearch/lasvegas/vol22-scratch/users/tanngo/PhD/ray_learning/speed_up_video_evaluation/results/vipe_prodcached_rep/fork-unpinned_g4_rep1/artifacts'), artifact_name='recam10')
2026-08-11 02:00:29,312 - vipe.pipeline.processors - INFO - Minimum UV score: 0.4500
[rank 1] 1/2 recam10 wall=91.43s cpu=2191.3s cache=3.81s gpu_util=14.06% cores_busy=24.0
2026-08-11 02:01:10,555 - vipe.slam.components.buffer - INFO - BA iters = 16, energy: 9.555158227682114 -> 5.735212802886963
2026-08-11 02:01:10,894 - vipe.slam.components.buffer - INFO - BA iters = 16, energy: 1.7243293821811676 -> 0.9847798049449921
2026-08-11 02:01:11,233 - vipe.slam.components.buffer - INFO - BA iters = 16, energy: 1.0128947794437408 -> 0.8512690365314484
2026-08-11 02:01:11,676 - vipe.slam.components.buffer - INFO - BA iters = 16, energy: 1.3947414755821228 -> 0.8824692666530609
2026-08-11 02:01:11,899 - vipe.slam.components.buffer - INFO - BA iters = 16, energy: 0.9289417266845703 -> 0.8780416250228882
2026-08-11 02:01:12,122 - vipe.slam.components.buffer - INFO - BA iters = 16, energy: 0.8917342573404312 -> 0.8591281473636627
2026-08-11 02:01:12,345 - vipe.slam.components.buffer - INFO - BA iters = 16, energy: 0.8707325607538223 -> 0.8469733744859695
2026-08-11 02:01:12,700 - vipe.slam.components.buffer - INFO - BA iters = 16, energy: 7.674805536866188 -> 5.824573397636414
2026-08-11 02:01:13,038 - vipe.slam.components.buffer - INFO - BA iters = 16, energy: 1.6955976784229279 -> 0.9618978202342987
2026-08-11 02:01:13,376 - vipe.slam.components.buffer - INFO - BA iters = 16, energy: 1.0240171253681183 -> 0.8563192635774612
2026-08-11 02:01:13,718 - vipe.slam.components.buffer - INFO - BA iters = 16, energy: 0.939207136631012 -> 0.8553043752908707
2026-08-11 02:01:14,057 - vipe.slam.components.buffer - INFO - BA iters = 16, energy: 0.9028491377830505 -> 0.8537573665380478
2026-08-11 02:01:14,400 - vipe.slam.components.buffer - INFO - BA iters = 16, energy: 0.8680017590522766 -> 0.8389588892459869
2026-08-11 02:01:14,742 - vipe.slam.components.buffer - INFO - BA iters = 16, energy: 0.8510914444923401 -> 0.8313800543546677
2026-08-11 02:01:15,081 - vipe.slam.components.buffer - INFO - BA iters = 16, energy: 0.8333273828029633 -> 0.8179400712251663
2026-08-11 02:01:15,419 - vipe.slam.components.buffer - INFO - BA iters = 16, energy: 0.8170514404773712 -> 0.803189218044281
2026-08-11 02:01:15,760 - vipe.slam.components.buffer - INFO - BA iters = 16, energy: 0.8055868446826935 -> 0.7922950983047485
2026-08-11 02:01:16,097 - vipe.slam.components.buffer - INFO - BA iters = 16, energy: 0.7927616536617279 -> 0.7813936471939087
2026-08-11 02:01:16,435 - vipe.slam.components.buffer - INFO - BA iters = 16, energy: 0.7825691401958466 -> 0.7723028808832169
2026-08-11 02:01:16,881 - vipe.slam.components.buffer - INFO - BA iters = 16, energy: 0.7739371061325073 -> 0.764029398560524
2026-08-11 02:01:17,104 - vipe.slam.components.buffer - INFO - BA iters = 16, energy: 0.7680799961090088 -> 0.7583121359348297
2026-08-11 02:01:17,323 - vipe.slam.components.buffer - INFO - BA iters = 16, energy: 0.761551558971405 -> 0.7515626922249794
2026-08-11 02:01:17,542 - vipe.slam.components.buffer - INFO - BA iters = 16, energy: 0.7570872977375984 -> 0.7468851655721664
2026-08-11 02:01:17,761 - vipe.slam.components.buffer - INFO - BA iters = 16, energy: 0.7517735362052917 -> 0.7414017170667648
2026-08-11 02:01:17,980 - vipe.slam.components.buffer - INFO - BA iters = 16, energy: 0.748209536075592 -> 0.7376601994037628
2026-08-11 02:01:18,201 - vipe.slam.components.buffer - INFO - BA iters = 16, energy: 0.7439431548118591 -> 0.7331718355417252
2026-08-11 02:01:18,420 - vipe.slam.components.buffer - INFO - BA iters = 16, energy: 0.7415570095181465 -> 0.7306362465023994
2026-08-11 02:01:18,638 - vipe.slam.components.buffer - INFO - BA iters = 16, energy: 0.7380456551909447 -> 0.7268567681312561
2026-08-11 02:01:18,857 - vipe.slam.components.buffer - INFO - BA iters = 16, energy: 0.7360316887497902 -> 0.7244876846671104
2026-08-11 02:01:19,076 - vipe.slam.components.buffer - INFO - BA iters = 16, energy: 0.733659528195858 -> 0.7217850312590599
2026-08-11 02:01:19,296 - vipe.slam.components.buffer - INFO - BA iters = 16, energy: 0.7320714145898819 -> 0.7198013812303543
2026-08-11 02:01:38,204 - vipe.pipeline.default - INFO - Saving artifacts to ArtifactPath(base_path=PosixPath('/prj/corp/airesearch/lasvegas/vol22-scratch/users/tanngo/PhD/ray_learning/speed_up_video_evaluation/results/vipe_prodcached_rep/fork-unpinned_g4_rep1/artifacts'), artifact_name='recam3')
2026-08-11 02:01:43,664 - vipe.pipeline.processors - INFO - Minimum UV score: 0.3100
[rank 1] 2/2 recam3 wall=73.17s cpu=1549.9s cache=2.78s gpu_util=18.35% cores_busy=21.2
[rank 1] DONE 2 videos in 165.2s -> /prj/corp/airesearch/lasvegas/vol22-scratch/users/tanngo/PhD/ray_learning/speed_up_video_evaluation/results/vipe_prodcached_rep/fork-unpinned_g4_rep1/shard_1.json
