[rank 0/1] 48/48 videos | threads=198 (quota=198) | torch=198 | cuda_devices=1 | policy=original
Using a slow image processor as `use_fast` is unset and a slow processor was saved with this model. `use_fast=True` will be the default behavior in v4.52, even if the model was saved with a slow processor. This will result in minor differences in outputs. You'll still be able to use a slow processor with `use_fast=False`.
/usr2/tanngo/vol11/miniconda3/envs/vipe-new/lib/python3.11/site-packages/torchvision/models/_utils.py:208: UserWarning: The parameter 'pretrained' is deprecated since 0.13 and may be removed in the future, please use 'weights' instead.
  warnings.warn(
/usr2/tanngo/vol11/miniconda3/envs/vipe-new/lib/python3.11/site-packages/torchvision/models/_utils.py:223: UserWarning: Arguments other than a weight enum or `None` for 'weights' are deprecated since 0.13 and may be removed in the future. The current behavior is equivalent to passing `weights=VGG16_Weights.IMAGENET1K_V1`. You can also use `weights=VGG16_Weights.DEFAULT` to get the most up-to-date weights.
  warnings.warn(msg)
[rank 0] models loaded in 9.6s
[rank 0] 1/48 recam1_0000 wall=14.28s cpu=1454.3s gpu_busy=1.1s gpu_util=7.73% cores_busy=101.8
[rank 0] 2/48 recam1_0001 wall=14.53s cpu=1470.8s gpu_busy=1.1s gpu_util=7.57% cores_busy=101.2
[rank 0] 3/48 recam1_0002 wall=14.39s cpu=1449.8s gpu_busy=0.95s gpu_util=6.6% cores_busy=100.7
[rank 0] 4/48 recam1_0003 wall=14.69s cpu=1486.7s gpu_busy=1.09s gpu_util=7.41% cores_busy=101.2
[rank 0] 5/48 recam1_0004 wall=14.86s cpu=1503.1s gpu_busy=1.27s gpu_util=8.54% cores_busy=101.1
[rank 0] 6/48 recam1_0005 wall=14.52s cpu=1472.6s gpu_busy=0.99s gpu_util=6.8% cores_busy=101.4
[rank 0] 7/48 recam1_0006 wall=14.16s cpu=1437.8s gpu_busy=1.15s gpu_util=8.13% cores_busy=101.5
[rank 0] 8/48 recam1_0007 wall=14.45s cpu=1477.1s gpu_busy=0.91s gpu_util=6.27% cores_busy=102.2
[rank 0] 9/48 recam1_0008 wall=14.55s cpu=1483.7s gpu_busy=1.19s gpu_util=8.19% cores_busy=101.9
[rank 0] 10/48 recam1_0009 wall=14.49s cpu=1471.8s gpu_busy=0.98s gpu_util=6.75% cores_busy=101.6
[rank 0] 11/48 recam1_0010 wall=14.52s cpu=1469.9s gpu_busy=1.06s gpu_util=7.3% cores_busy=101.3
[rank 0] 12/48 recam1_0011 wall=14.69s cpu=1483.8s gpu_busy=1.08s gpu_util=7.35% cores_busy=101.0
[rank 0] 13/48 recam1_0012 wall=14.21s cpu=1453.8s gpu_busy=1.08s gpu_util=7.62% cores_busy=102.3
[rank 0] 14/48 recam1_0013 wall=14.75s cpu=1490.7s gpu_busy=1.02s gpu_util=6.89% cores_busy=101.1
[rank 0] 15/48 recam1_0014 wall=14.87s cpu=1496.1s gpu_busy=1.04s gpu_util=7.03% cores_busy=100.6
[rank 0] 16/48 recam1_0015 wall=14.52s cpu=1459.1s gpu_busy=0.9s gpu_util=6.22% cores_busy=100.5
[rank 0] 17/48 recam1_0016 wall=14.36s cpu=1461.0s gpu_busy=1.02s gpu_util=7.1% cores_busy=101.7
[rank 0] 18/48 recam1_0017 wall=14.46s cpu=1472.5s gpu_busy=1.15s gpu_util=7.92% cores_busy=101.9
[rank 0] 19/48 recam1_0018 wall=14.64s cpu=1479.2s gpu_busy=1.12s gpu_util=7.64% cores_busy=101.1
[rank 0] 20/48 recam1_0019 wall=14.75s cpu=1494.8s gpu_busy=1.15s gpu_util=7.8% cores_busy=101.3
[rank 0] 21/48 recam1_0020 wall=14.57s cpu=1476.5s gpu_busy=0.94s gpu_util=6.44% cores_busy=101.3
[rank 0] 22/48 recam1_0021 wall=13.98s cpu=1427.9s gpu_busy=1.22s gpu_util=8.76% cores_busy=102.2
[rank 0] 23/48 recam1_0022 wall=14.70s cpu=1484.5s gpu_busy=1.07s gpu_util=7.3% cores_busy=101.0
[rank 0] 24/48 recam1_0023 wall=14.48s cpu=1460.7s gpu_busy=1.06s gpu_util=7.29% cores_busy=100.9
[rank 0] 25/48 recam1_0024 wall=14.96s cpu=1513.7s gpu_busy=1.13s gpu_util=7.56% cores_busy=101.2
[rank 0] 26/48 recam1_0025 wall=14.37s cpu=1451.8s gpu_busy=0.87s gpu_util=6.07% cores_busy=101.0
[rank 0] 27/48 recam1_0026 wall=14.48s cpu=1461.8s gpu_busy=1.16s gpu_util=8.0% cores_busy=101.0
[rank 0] 28/48 recam1_0027 wall=14.87s cpu=1501.2s gpu_busy=1.06s gpu_util=7.12% cores_busy=100.9
[rank 0] 29/48 recam1_0028 wall=14.77s cpu=1492.3s gpu_busy=1.07s gpu_util=7.23% cores_busy=101.0
[rank 0] 30/48 recam1_0029 wall=14.76s cpu=1493.0s gpu_busy=0.91s gpu_util=6.14% cores_busy=101.2
[rank 0] 31/48 recam1_0030 wall=14.53s cpu=1470.7s gpu_busy=0.85s gpu_util=5.84% cores_busy=101.3
[rank 0] 32/48 recam1_0031 wall=14.40s cpu=1453.4s gpu_busy=1.05s gpu_util=7.29% cores_busy=101.0
[rank 0] 33/48 recam1_0032 wall=14.50s cpu=1465.1s gpu_busy=1.21s gpu_util=8.37% cores_busy=101.0
[rank 0] 34/48 recam1_0033 wall=14.39s cpu=1460.8s gpu_busy=1.08s gpu_util=7.49% cores_busy=101.5
[rank 0] 35/48 recam1_0034 wall=14.44s cpu=1466.5s gpu_busy=0.89s gpu_util=6.14% cores_busy=101.6
[rank 0] 36/48 recam1_0035 wall=14.72s cpu=1487.4s gpu_busy=1.1s gpu_util=7.46% cores_busy=101.1
[rank 0] 37/48 recam1_0036 wall=14.55s cpu=1469.5s gpu_busy=1.06s gpu_util=7.3% cores_busy=101.0
[rank 0] 38/48 recam1_0037 wall=14.24s cpu=1446.4s gpu_busy=1.28s gpu_util=9.02% cores_busy=101.6
[rank 0] 39/48 recam1_0038 wall=14.07s cpu=1432.2s gpu_busy=1.13s gpu_util=8.05% cores_busy=101.8
[rank 0] 40/48 recam1_0039 wall=14.34s cpu=1449.5s gpu_busy=0.93s gpu_util=6.45% cores_busy=101.1
[rank 0] 41/48 recam1_0040 wall=14.67s cpu=1484.5s gpu_busy=1.16s gpu_util=7.91% cores_busy=101.2
[rank 0] 42/48 recam1_0041 wall=14.66s cpu=1479.3s gpu_busy=0.85s gpu_util=5.77% cores_busy=100.9
[rank 0] 43/48 recam1_0042 wall=14.61s cpu=1483.9s gpu_busy=1.05s gpu_util=7.16% cores_busy=101.5
[rank 0] 44/48 recam1_0043 wall=14.46s cpu=1483.1s gpu_busy=1.14s gpu_util=7.86% cores_busy=102.6
[rank 0] 45/48 recam1_0044 wall=14.63s cpu=1484.9s gpu_busy=1.06s gpu_util=7.22% cores_busy=101.5
[rank 0] 46/48 recam1_0045 wall=14.42s cpu=1471.0s gpu_busy=0.94s gpu_util=6.49% cores_busy=102.0
[rank 0] 47/48 recam1_0046 wall=12.69s cpu=1288.8s gpu_busy=1.03s gpu_util=8.14% cores_busy=101.6
[rank 0] 48/48 recam1_0047 wall=14.84s cpu=1494.0s gpu_busy=1.12s gpu_util=7.58% cores_busy=100.7
[rank 0] DONE 48 videos in 695.8s -> /prj/corp/airesearch/lasvegas/vol22-scratch/users/tanngo/PhD/ray_learning/speed_up_video_evaluation/results/movebench_main/fork_g1/shard_0.json
