[rank 6/8] 1/8 videos | threads=0 (quota=198) | torch=128 | cuda_devices=1
[rank 6] pipeline built in 9.9s
2026-08-11 02:30:17,534 - vipe.slam.components.buffer - INFO - BA iters = 16, energy: 9.212751088663936 -> 6.8375338315963745
2026-08-11 02:30:17,886 - vipe.slam.components.buffer - INFO - BA iters = 16, energy: 2.305649757385254 -> 1.1586290346458554
2026-08-11 02:30:18,233 - vipe.slam.components.buffer - INFO - BA iters = 16, energy: 0.8151975180953741 -> 0.6989571727899602
2026-08-11 02:30:18,681 - vipe.slam.components.buffer - INFO - BA iters = 16, energy: 0.8742154091596603 -> 0.6952563140948769
2026-08-11 02:30:18,904 - vipe.slam.components.buffer - INFO - BA iters = 16, energy: 0.6994187449745368 -> 0.6974179403769085
2026-08-11 02:30:19,129 - vipe.slam.components.buffer - INFO - BA iters = 16, energy: 0.713494743758929 -> 0.712581153769861
2026-08-11 02:30:19,354 - vipe.slam.components.buffer - INFO - BA iters = 16, energy: 0.7066968639119295 -> 0.7064886237785686
2026-08-11 02:30:19,726 - vipe.slam.components.buffer - INFO - BA iters = 16, energy: 6.013362660494749 -> 5.1699570417404175
2026-08-11 02:30:20,071 - vipe.slam.components.buffer - INFO - BA iters = 16, energy: 2.0486726462841034 -> 0.943453959422186
2026-08-11 02:30:20,418 - vipe.slam.components.buffer - INFO - BA iters = 16, energy: 0.7005382725037634 -> 0.6302198028133716
2026-08-11 02:30:20,761 - vipe.slam.components.buffer - INFO - BA iters = 16, energy: 0.6899224365479313 -> 0.6787353816034738
2026-08-11 02:30:21,104 - vipe.slam.components.buffer - INFO - BA iters = 16, energy: 0.6831176931300433 -> 0.680807712051319
2026-08-11 02:30:21,442 - vipe.slam.components.buffer - INFO - BA iters = 16, energy: 0.6892732399574015 -> 0.6887522740289569
2026-08-11 02:30:21,777 - vipe.slam.components.buffer - INFO - BA iters = 16, energy: 0.6811508934770245 -> 0.6810025529121049
2026-08-11 02:30:22,112 - vipe.slam.components.buffer - INFO - BA iters = 16, energy: 0.6722617697814712 -> 0.6721886969826301
2026-08-11 02:30:22,449 - vipe.slam.components.buffer - INFO - BA iters = 16, energy: 0.6594005204970017 -> 0.6593865977411042
2026-08-11 02:30:22,784 - vipe.slam.components.buffer - INFO - BA iters = 16, energy: 0.6486527552333428 -> 0.6486438141146209
2026-08-11 02:30:23,116 - vipe.slam.components.buffer - INFO - BA iters = 16, energy: 0.6381066068861401 -> 0.6381012407873641
2026-08-11 02:30:23,450 - vipe.slam.components.buffer - INFO - BA iters = 16, energy: 0.6289511524664704 -> 0.6289485459419666
2026-08-11 02:30:23,891 - vipe.slam.components.buffer - INFO - BA iters = 16, energy: 0.6209722367930226 -> 0.6209342949805432
2026-08-11 02:30:24,108 - vipe.slam.components.buffer - INFO - BA iters = 16, energy: 0.6138509982120013 -> 0.6138498695800081
2026-08-11 02:30:24,325 - vipe.slam.components.buffer - INFO - BA iters = 16, energy: 0.6074220451700967 -> 0.6074214902764652
2026-08-11 02:30:24,541 - vipe.slam.components.buffer - INFO - BA iters = 16, energy: 0.6016190974187339 -> 0.601618174725445
2026-08-11 02:30:24,757 - vipe.slam.components.buffer - INFO - BA iters = 16, energy: 0.5961744228334283 -> 0.5961741029168479
2026-08-11 02:30:24,972 - vipe.slam.components.buffer - INFO - BA iters = 16, energy: 0.5910982903733384 -> 0.5910977441308205
2026-08-11 02:30:25,188 - vipe.slam.components.buffer - INFO - BA iters = 16, energy: 0.5866017061198363 -> 0.586601535891532
2026-08-11 02:30:25,404 - vipe.slam.components.buffer - INFO - BA iters = 16, energy: 0.5823640629314468 -> 0.5823635464766994
2026-08-11 02:30:25,620 - vipe.slam.components.buffer - INFO - BA iters = 16, energy: 0.5783515577713843 -> 0.578351266158279
2026-08-11 02:30:25,835 - vipe.slam.components.buffer - INFO - BA iters = 16, energy: 0.5746135780063923 -> 0.5746132368512917
2026-08-11 02:30:26,052 - vipe.slam.components.buffer - INFO - BA iters = 16, energy: 0.571159803570481 -> 0.5711595692191622
2026-08-11 02:30:26,267 - vipe.slam.components.buffer - INFO - BA iters = 16, energy: 0.5677836814138573 -> 0.5677834084272035
2026-08-11 02:31:35,674 - vipe.pipeline.default - INFO - Saving artifacts to ArtifactPath(base_path=PosixPath('/prj/corp/airesearch/lasvegas/vol22-scratch/users/tanngo/PhD/ray_learning/speed_up_video_evaluation/results/vipe_unpinned_rep/fork-unpinned_g8_rep1/artifacts'), artifact_name='recam4')
2026-08-11 02:31:45,386 - vipe.pipeline.processors - INFO - Minimum UV score: 0.2200
[rank 6] 1/1 recam4 wall=194.67s cpu=3810.6s gpu_util=6.87% cores_busy=19.6
[rank 6] DONE 1 videos in 195.7s -> /prj/corp/airesearch/lasvegas/vol22-scratch/users/tanngo/PhD/ray_learning/speed_up_video_evaluation/results/vipe_unpinned_rep/fork-unpinned_g8_rep1/shard_6.json
