[rank 0/2] 24/48 videos | threads=99 (quota=198) | torch=99 | cuda_devices=1 | policy=original
Using a slow image processor as `use_fast` is unset and a slow processor was saved with this model. `use_fast=True` will be the default behavior in v4.52, even if the model was saved with a slow processor. This will result in minor differences in outputs. You'll still be able to use a slow processor with `use_fast=False`.
/usr2/tanngo/vol11/miniconda3/envs/vipe-new/lib/python3.11/site-packages/torchvision/models/_utils.py:208: UserWarning: The parameter 'pretrained' is deprecated since 0.13 and may be removed in the future, please use 'weights' instead.
  warnings.warn(
/usr2/tanngo/vol11/miniconda3/envs/vipe-new/lib/python3.11/site-packages/torchvision/models/_utils.py:223: UserWarning: Arguments other than a weight enum or `None` for 'weights' are deprecated since 0.13 and may be removed in the future. The current behavior is equivalent to passing `weights=VGG16_Weights.IMAGENET1K_V1`. You can also use `weights=VGG16_Weights.DEFAULT` to get the most up-to-date weights.
  warnings.warn(msg)
[rank 0] models loaded in 10.2s
[rank 0] 1/24 recam1_0000 wall=14.82s cpu=860.8s gpu_busy=0.77s gpu_util=5.19% cores_busy=58.1
[rank 0] 2/24 recam1_0002 wall=13.96s cpu=824.3s gpu_busy=1.08s gpu_util=7.76% cores_busy=59.1
[rank 0] 3/24 recam1_0004 wall=13.81s cpu=822.1s gpu_busy=1.24s gpu_util=9.01% cores_busy=59.5
[rank 0] 4/24 recam1_0006 wall=14.20s cpu=837.9s gpu_busy=1.18s gpu_util=8.32% cores_busy=59.0
[rank 0] 5/24 recam1_0008 wall=13.94s cpu=826.5s gpu_busy=1.08s gpu_util=7.78% cores_busy=59.3
[rank 0] 6/24 recam1_0010 wall=13.95s cpu=837.3s gpu_busy=1.09s gpu_util=7.81% cores_busy=60.0
[rank 0] 7/24 recam1_0012 wall=14.03s cpu=833.5s gpu_busy=0.95s gpu_util=6.8% cores_busy=59.4
[rank 0] 8/24 recam1_0014 wall=14.25s cpu=838.2s gpu_busy=0.98s gpu_util=6.91% cores_busy=58.8
[rank 0] 9/24 recam1_0016 wall=13.88s cpu=827.6s gpu_busy=1.07s gpu_util=7.68% cores_busy=59.6
[rank 0] 10/24 recam1_0018 wall=14.09s cpu=831.3s gpu_busy=1.03s gpu_util=7.33% cores_busy=59.0
[rank 0] 11/24 recam1_0020 wall=13.66s cpu=822.0s gpu_busy=1.0s gpu_util=7.31% cores_busy=60.2
[rank 0] 12/24 recam1_0022 wall=13.88s cpu=827.3s gpu_busy=1.17s gpu_util=8.42% cores_busy=59.6
[rank 0] 13/24 recam1_0024 wall=14.22s cpu=841.2s gpu_busy=1.09s gpu_util=7.65% cores_busy=59.2
[rank 0] 14/24 recam1_0026 wall=14.34s cpu=851.5s gpu_busy=0.99s gpu_util=6.88% cores_busy=59.4
[rank 0] 15/24 recam1_0028 wall=14.22s cpu=836.5s gpu_busy=0.96s gpu_util=6.73% cores_busy=58.8
[rank 0] 16/24 recam1_0030 wall=14.02s cpu=834.0s gpu_busy=1.02s gpu_util=7.29% cores_busy=59.5
[rank 0] 17/24 recam1_0032 wall=13.98s cpu=824.4s gpu_busy=0.99s gpu_util=7.1% cores_busy=59.0
[rank 0] 18/24 recam1_0034 wall=13.93s cpu=821.3s gpu_busy=1.03s gpu_util=7.4% cores_busy=59.0
[rank 0] 19/24 recam1_0036 wall=14.20s cpu=845.5s gpu_busy=1.06s gpu_util=7.45% cores_busy=59.5
[rank 0] 20/24 recam1_0038 wall=14.18s cpu=840.6s gpu_busy=1.04s gpu_util=7.35% cores_busy=59.3
[rank 0] 21/24 recam1_0040 wall=14.17s cpu=842.7s gpu_busy=0.98s gpu_util=6.9% cores_busy=59.5
[rank 0] 22/24 recam1_0042 wall=14.62s cpu=863.6s gpu_busy=1.1s gpu_util=7.54% cores_busy=59.1
[rank 0] 23/24 recam1_0044 wall=14.20s cpu=839.5s gpu_busy=0.93s gpu_util=6.55% cores_busy=59.1
[rank 0] 24/24 recam1_0046 wall=13.68s cpu=813.2s gpu_busy=1.0s gpu_util=7.28% cores_busy=59.4
[rank 0] DONE 24 videos in 338.2s -> /prj/corp/airesearch/lasvegas/vol22-scratch/users/tanngo/PhD/ray_learning/speed_up_video_evaluation/results/movebench_main/fork_g2/shard_0.json
