[rank 1/2] 24/48 videos | threads=99 (quota=198) | torch=99 | cuda_devices=1 | policy=original
Using a slow image processor as `use_fast` is unset and a slow processor was saved with this model. `use_fast=True` will be the default behavior in v4.52, even if the model was saved with a slow processor. This will result in minor differences in outputs. You'll still be able to use a slow processor with `use_fast=False`.
/usr2/tanngo/vol11/miniconda3/envs/vipe-new/lib/python3.11/site-packages/torchvision/models/_utils.py:208: UserWarning: The parameter 'pretrained' is deprecated since 0.13 and may be removed in the future, please use 'weights' instead.
  warnings.warn(
/usr2/tanngo/vol11/miniconda3/envs/vipe-new/lib/python3.11/site-packages/torchvision/models/_utils.py:223: UserWarning: Arguments other than a weight enum or `None` for 'weights' are deprecated since 0.13 and may be removed in the future. The current behavior is equivalent to passing `weights=VGG16_Weights.IMAGENET1K_V1`. You can also use `weights=VGG16_Weights.DEFAULT` to get the most up-to-date weights.
  warnings.warn(msg)
[rank 1] models loaded in 10.1s
[rank 1] 1/24 recam1_0001 wall=13.69s cpu=816.5s gpu_busy=0.93s gpu_util=6.81% cores_busy=59.7
[rank 1] 2/24 recam1_0003 wall=13.52s cpu=818.5s gpu_busy=0.98s gpu_util=7.26% cores_busy=60.5
[rank 1] 3/24 recam1_0005 wall=13.34s cpu=814.2s gpu_busy=1.05s gpu_util=7.88% cores_busy=61.1
[rank 1] 4/24 recam1_0007 wall=13.77s cpu=829.8s gpu_busy=1.06s gpu_util=7.72% cores_busy=60.3
[rank 1] 5/24 recam1_0009 wall=13.63s cpu=824.4s gpu_busy=0.9s gpu_util=6.57% cores_busy=60.5
[rank 1] 6/24 recam1_0011 wall=13.58s cpu=821.3s gpu_busy=0.95s gpu_util=7.02% cores_busy=60.5
[rank 1] 7/24 recam1_0013 wall=13.42s cpu=819.1s gpu_busy=0.89s gpu_util=6.66% cores_busy=61.0
[rank 1] 8/24 recam1_0015 wall=13.68s cpu=827.1s gpu_busy=0.94s gpu_util=6.87% cores_busy=60.5
[rank 1] 9/24 recam1_0017 wall=13.75s cpu=835.4s gpu_busy=1.05s gpu_util=7.62% cores_busy=60.8
[rank 1] 10/24 recam1_0019 wall=13.50s cpu=827.1s gpu_busy=1.18s gpu_util=8.75% cores_busy=61.3
[rank 1] 11/24 recam1_0021 wall=13.48s cpu=818.7s gpu_busy=0.96s gpu_util=7.11% cores_busy=60.7
[rank 1] 12/24 recam1_0023 wall=13.22s cpu=812.0s gpu_busy=0.95s gpu_util=7.21% cores_busy=61.4
[rank 1] 13/24 recam1_0025 wall=13.52s cpu=810.8s gpu_busy=0.99s gpu_util=7.29% cores_busy=60.0
[rank 1] 14/24 recam1_0027 wall=13.69s cpu=823.1s gpu_busy=0.94s gpu_util=6.9% cores_busy=60.1
[rank 1] 15/24 recam1_0029 wall=14.02s cpu=848.4s gpu_busy=1.1s gpu_util=7.86% cores_busy=60.5
[rank 1] 16/24 recam1_0031 wall=13.73s cpu=831.5s gpu_busy=1.01s gpu_util=7.37% cores_busy=60.6
[rank 1] 17/24 recam1_0033 wall=13.88s cpu=837.3s gpu_busy=1.08s gpu_util=7.77% cores_busy=60.3
[rank 1] 18/24 recam1_0035 wall=13.60s cpu=822.7s gpu_busy=1.05s gpu_util=7.72% cores_busy=60.5
[rank 1] 19/24 recam1_0037 wall=13.66s cpu=826.9s gpu_busy=1.04s gpu_util=7.62% cores_busy=60.5
[rank 1] 20/24 recam1_0039 wall=13.74s cpu=830.0s gpu_busy=1.1s gpu_util=8.03% cores_busy=60.4
[rank 1] 21/24 recam1_0041 wall=13.91s cpu=838.6s gpu_busy=1.03s gpu_util=7.43% cores_busy=60.3
[rank 1] 22/24 recam1_0043 wall=14.04s cpu=845.8s gpu_busy=0.98s gpu_util=7.02% cores_busy=60.3
[rank 1] 23/24 recam1_0045 wall=14.32s cpu=862.1s gpu_busy=1.04s gpu_util=7.25% cores_busy=60.2
[rank 1] 24/24 recam1_0047 wall=13.91s cpu=838.0s gpu_busy=1.08s gpu_util=7.79% cores_busy=60.3
[rank 1] DONE 24 videos in 328.6s -> /prj/corp/airesearch/lasvegas/vol22-scratch/users/tanngo/PhD/ray_learning/speed_up_video_evaluation/results/movebench_main/fork_g2/shard_1.json
