[rank 4/8] 1/8 videos | threads=0 (quota=198) | torch=128 | cuda_devices=1
[rank 4] pipeline built in 9.6s
2026-08-11 02:26:56,127 - vipe.slam.components.buffer - INFO - BA iters = 16, energy: 4.706145844422281 -> 3.8901310907676816
2026-08-11 02:26:56,476 - vipe.slam.components.buffer - INFO - BA iters = 16, energy: 1.1554356440901756 -> 0.7883295318169985
2026-08-11 02:26:56,823 - vipe.slam.components.buffer - INFO - BA iters = 16, energy: 0.7533472084614914 -> 0.6854775860992959
2026-08-11 02:26:57,246 - vipe.slam.components.buffer - INFO - BA iters = 16, energy: 0.9590870589017868 -> 0.7270417385843757
2026-08-11 02:26:57,465 - vipe.slam.components.buffer - INFO - BA iters = 16, energy: 0.755450623579236 -> 0.7536035215907759
2026-08-11 02:26:57,689 - vipe.slam.components.buffer - INFO - BA iters = 16, energy: 0.768898669481132 -> 0.7683116342959693
2026-08-11 02:26:57,902 - vipe.slam.components.buffer - INFO - BA iters = 16, energy: 0.7663802053866675 -> 0.766088013733679
2026-08-11 02:26:58,262 - vipe.slam.components.buffer - INFO - BA iters = 16, energy: 4.014340465157147 -> 3.817642353940755
2026-08-11 02:26:58,599 - vipe.slam.components.buffer - INFO - BA iters = 16, energy: 1.1693533104844391 -> 0.8122663787798956
2026-08-11 02:26:58,937 - vipe.slam.components.buffer - INFO - BA iters = 16, energy: 0.7659132180851884 -> 0.6914275395101868
2026-08-11 02:26:59,275 - vipe.slam.components.buffer - INFO - BA iters = 16, energy: 0.7353511558576429 -> 0.7241274320513185
2026-08-11 02:26:59,599 - vipe.slam.components.buffer - INFO - BA iters = 16, energy: 0.7454024755988939 -> 0.742971097899499
2026-08-11 02:26:59,924 - vipe.slam.components.buffer - INFO - BA iters = 16, energy: 0.7539049739061738 -> 0.7534595914876263
2026-08-11 02:27:00,247 - vipe.slam.components.buffer - INFO - BA iters = 16, energy: 0.7523324080648308 -> 0.7520403373309819
2026-08-11 02:27:00,569 - vipe.slam.components.buffer - INFO - BA iters = 16, energy: 0.7514916766303941 -> 0.7513883708688809
2026-08-11 02:27:00,891 - vipe.slam.components.buffer - INFO - BA iters = 16, energy: 0.7452759741827322 -> 0.7452501640054834
2026-08-11 02:27:01,214 - vipe.slam.components.buffer - INFO - BA iters = 16, energy: 0.7411481127310253 -> 0.741117516932718
2026-08-11 02:27:01,536 - vipe.slam.components.buffer - INFO - BA iters = 16, energy: 0.7356106438182906 -> 0.7355959996020829
2026-08-11 02:27:01,859 - vipe.slam.components.buffer - INFO - BA iters = 16, energy: 0.7320612057501421 -> 0.7320567531296547
2026-08-11 02:27:02,272 - vipe.slam.components.buffer - INFO - BA iters = 16, energy: 0.7275401712395251 -> 0.7272231189072045
2026-08-11 02:27:02,477 - vipe.slam.components.buffer - INFO - BA iters = 16, energy: 0.7241873947241402 -> 0.7241865088690247
2026-08-11 02:27:02,683 - vipe.slam.components.buffer - INFO - BA iters = 16, energy: 0.7201972296224994 -> 0.7201957572960964
2026-08-11 02:27:02,888 - vipe.slam.components.buffer - INFO - BA iters = 16, energy: 0.7173483838269021 -> 0.7173474885166797
2026-08-11 02:27:03,093 - vipe.slam.components.buffer - INFO - BA iters = 16, energy: 0.7138241983520857 -> 0.7138236462906207
2026-08-11 02:27:03,299 - vipe.slam.components.buffer - INFO - BA iters = 16, energy: 0.7115477025272412 -> 0.711547263463217
2026-08-11 02:27:03,505 - vipe.slam.components.buffer - INFO - BA iters = 16, energy: 0.7084964593304903 -> 0.7084957559964096
2026-08-11 02:27:03,718 - vipe.slam.components.buffer - INFO - BA iters = 16, energy: 0.7062514027147699 -> 0.7062507528135029
2026-08-11 02:27:03,933 - vipe.slam.components.buffer - INFO - BA iters = 16, energy: 0.7036785143445741 -> 0.703678064604901
2026-08-11 02:27:04,143 - vipe.slam.components.buffer - INFO - BA iters = 16, energy: 0.701744549545765 -> 0.701743409204937
2026-08-11 02:27:04,359 - vipe.slam.components.buffer - INFO - BA iters = 16, energy: 0.6994364710371883 -> 0.6994359549753426
2026-08-11 02:27:04,576 - vipe.slam.components.buffer - INFO - BA iters = 16, energy: 0.6977428850441356 -> 0.6977422248346556
2026-08-11 02:27:56,485 - vipe.pipeline.default - INFO - Saving artifacts to ArtifactPath(base_path=PosixPath('/prj/corp/airesearch/lasvegas/vol22-scratch/users/tanngo/PhD/ray_learning/speed_up_video_evaluation/results/vipe_unpinned_rep/fork-unpinned_g8_rep0/artifacts'), artifact_name='recam2')
2026-08-11 02:28:04,649 - vipe.pipeline.processors - INFO - Minimum UV score: 0.4500
[rank 4] 1/1 recam2 wall=174.81s cpu=3609.0s gpu_util=7.76% cores_busy=20.6
[rank 4] DONE 1 videos in 175.8s -> /prj/corp/airesearch/lasvegas/vol22-scratch/users/tanngo/PhD/ray_learning/speed_up_video_evaluation/results/vipe_unpinned_rep/fork-unpinned_g8_rep0/shard_4.json
