$ /usr2/tanngo/vol11/miniconda3/envs/vipe-new/bin/python /prj/corp/airesearch/lasvegas/vol22-scratch/users/tanngo/PhD/ray_learning/speed_up_video_evaluation/movebench/run_ray.py --dataset data/eval81_jitter --gpus 8 --threads-mode tuned --out /prj/corp/airesearch/lasvegas/vol22-scratch/users/tanngo/PhD/ray_learning/speed_up_video_evaluation/results/movebench_jitter_rep/ray-tuned_g8_rep2 --limit 48 --max-frames 24

2026-08-11 02:46:53,522	WARNING utils.py:461 -- Detecting docker specified CPUs. In previous versions of Ray, CPU detection in containers was incorrect. Please ensure that Ray has enough CPUs allocated. As a temporary workaround to revert to the prior behavior, set `RAY_USE_MULTIPROCESSING_CPU_COUNT=1` as an env var before starting Ray. Set the env var: `RAY_DISABLE_DOCKER_CPU_WARNING=1` to mute this warning.
2026-08-11 02:46:54,913	INFO worker.py:2012 -- Started a local Ray instance.
/usr2/tanngo/vol11/miniconda3/envs/vipe-new/lib/python3.11/site-packages/ray/_private/worker.py:2051: FutureWarning: Tip: In future versions of Ray, Ray will no longer override accelerator visible devices env var if num_gpus=0 or num_gpus=None (default). To enable this behavior and turn off this error message, set RAY_ACCEL_ENV_VAR_OVERRIDE_ON_ZERO=0
  warnings.warn(
==============================================================
 launcher     : Ray actor pool (dynamic work queue)
 dataset      : data/eval81_jitter  (48 videos)
 pool size    : 8 actors (1 GPU each)
 CPU quota    : 198   | Ray detected: 198   | nproc: 256
 threads mode : tuned   num_cpus=24.0  torch.set_num_threads(24)
 out          : /prj/corp/airesearch/lasvegas/vol22-scratch/users/tanngo/PhD/ray_learning/speed_up_video_evaluation/results/movebench_jitter_rep/ray-tuned_g8_rep2
==============================================================
 actor pool ready in 18.0s
   actor 0: load=15.146s OMP=24 torch_threads=24
   actor 1: load=14.914s OMP=24 torch_threads=24
   actor 2: load=15.045s OMP=24 torch_threads=24
   actor 3: load=15.076s OMP=24 torch_threads=24
   actor 4: load=14.95s OMP=24 torch_threads=24
   actor 5: load=15.034s OMP=24 torch_threads=24
   actor 6: load=15.014s OMP=24 torch_threads=24
   actor 7: load=15.067s OMP=24 torch_threads=24
 [1/48] recam1_0007 actor=0 wall=6.74s cpu=111.0s gpu_util=0.92% cores_busy=16.5
 [2/48] recam1_0005 actor=2 wall=6.89s cpu=113.1s gpu_util=1.67% cores_busy=16.4
 [3/48] recam1_0006 actor=1 wall=8.35s cpu=135.6s gpu_util=2.49% cores_busy=16.2
 [4/48] recam1_0004 actor=3 wall=11.72s cpu=196.2s gpu_util=2.97% cores_busy=16.7
 [5/48] recam1_0003 actor=4 wall=12.27s cpu=210.3s gpu_util=3.33% cores_busy=17.1
 [6/48] recam1_0002 actor=5 wall=15.70s cpu=263.1s gpu_util=4.39% cores_busy=16.8
 [7/48] recam1_0008 actor=0 wall=9.04s cpu=155.2s gpu_util=3.21% cores_busy=17.2
 [8/48] recam1_0001 actor=6 wall=19.60s cpu=326.8s gpu_util=3.52% cores_busy=16.7
 [9/48] recam1_0000 actor=7 wall=23.20s cpu=394.7s gpu_util=3.64% cores_busy=17.0
 [10/48] recam1_0012 actor=4 wall=15.66s cpu=266.8s gpu_util=3.29% cores_busy=17.0
 [11/48] recam1_0009 actor=2 wall=21.46s cpu=368.2s gpu_util=3.94% cores_busy=17.2
 [12/48] recam1_0010 actor=1 wall=20.65s cpu=335.1s gpu_util=4.47% cores_busy=16.2
 [13/48] recam1_0011 actor=3 wall=22.82s cpu=393.0s gpu_util=4.58% cores_busy=17.2
 [14/48] recam1_0013 actor=5 wall=19.72s cpu=322.1s gpu_util=4.43% cores_busy=16.3
 [15/48] recam1_0015 actor=6 wall=20.53s cpu=339.3s gpu_util=4.0% cores_busy=16.5
 [16/48] recam1_0014 actor=0 wall=24.37s cpu=414.7s gpu_util=5.03% cores_busy=17.0
 [17/48] recam1_0016 actor=7 wall=19.00s cpu=318.4s gpu_util=4.69% cores_busy=16.8
 [18/48] recam1_0017 actor=4 wall=16.89s cpu=281.5s gpu_util=4.68% cores_busy=16.7
 [19/48] recam1_0018 actor=2 wall=16.53s cpu=282.1s gpu_util=4.55% cores_busy=17.1
 [20/48] recam1_0020 actor=3 wall=10.70s cpu=185.3s gpu_util=3.26% cores_busy=17.3
 [21/48] recam1_0023 actor=0 wall=6.23s cpu=106.1s gpu_util=4.19% cores_busy=17.0
 [22/48] recam1_0027 actor=3 wall=6.12s cpu=104.2s gpu_util=4.9% cores_busy=17.0
 [23/48] recam1_0024 actor=7 wall=14.01s cpu=233.6s gpu_util=3.62% cores_busy=16.7
 [24/48] recam1_0019 actor=1 wall=27.39s cpu=430.4s gpu_util=4.43% cores_busy=15.7
 [25/48] recam1_0022 actor=6 wall=18.66s cpu=313.5s gpu_util=4.21% cores_busy=16.8
 [26/48] recam1_0021 actor=5 wall=24.84s cpu=398.8s gpu_util=4.24% cores_busy=16.1
 [27/48] recam1_0026 actor=2 wall=16.40s cpu=277.9s gpu_util=3.84% cores_busy=16.9
 [28/48] recam1_0032 actor=6 wall=7.34s cpu=121.9s gpu_util=4.66% cores_busy=16.6
 [29/48] recam1_0031 actor=1 wall=10.72s cpu=170.8s gpu_util=3.44% cores_busy=15.9
 [30/48] recam1_0028 actor=0 wall=20.76s cpu=355.6s gpu_util=3.85% cores_busy=17.1
 [31/48] recam1_0034 actor=2 wall=5.94s cpu=103.3s gpu_util=4.33% cores_busy=17.4
 [32/48] recam1_0025 actor=4 wall=22.98s cpu=384.9s gpu_util=4.69% cores_busy=16.8
 [33/48] recam1_0029 actor=3 wall=16.55s cpu=285.2s gpu_util=5.66% cores_busy=17.2
 [34/48] recam1_0036 actor=1 wall=8.17s cpu=130.8s gpu_util=3.51% cores_busy=16.0
 [35/48] recam1_0037 actor=0 wall=11.38s cpu=193.9s gpu_util=3.73% cores_busy=17.0
 [36/48] recam1_0030 actor=7 wall=23.59s cpu=393.8s gpu_util=3.9% cores_busy=16.7
 [37/48] recam1_0040 actor=3 wall=12.57s cpu=217.5s gpu_util=4.09% cores_busy=17.3
 [38/48] recam1_0041 actor=1 wall=6.16s cpu=101.1s gpu_util=2.79% cores_busy=16.4
 [39/48] recam1_0038 actor=2 wall=15.28s cpu=259.4s gpu_util=3.48% cores_busy=17.0
 [40/48] recam1_0039 actor=4 wall=15.04s cpu=251.0s gpu_util=6.05% cores_busy=16.7
 [41/48] recam1_0035 actor=6 wall=17.80s cpu=287.3s gpu_util=3.4% cores_busy=16.1
 [42/48] recam1_0042 actor=0 wall=6.11s cpu=104.2s gpu_util=4.04% cores_busy=17.1
 [43/48] recam1_0033 actor=5 wall=25.74s cpu=413.0s gpu_util=2.89% cores_busy=16.0
 [44/48] recam1_0044 actor=3 wall=5.94s cpu=101.5s gpu_util=4.74% cores_busy=17.1
 [45/48] recam1_0043 actor=7 wall=7.88s cpu=132.4s gpu_util=3.42% cores_busy=16.8
 [46/48] recam1_0046 actor=2 wall=11.90s cpu=204.2s gpu_util=6.11% cores_busy=17.2
 [47/48] recam1_0047 actor=4 wall=13.88s cpu=235.4s gpu_util=6.36% cores_busy=17.0
 [48/48] recam1_0045 actor=1 wall=15.29s cpu=255.8s gpu_util=5.53% cores_busy=16.7
 merged       : 8 shards, 48 videos
   tree-reduce round 1: 8 -> 4  (r0+r1) (r2+r3) (r4+r5) (r6+r7)
   tree-reduce round 2: 4 -> 2  ((r0+r1)+(r2+r3)) ((r4+r5)+(r6+r7))
   tree-reduce round 3: 2 -> 1  (((r0+r1)+(r2+r3))+((r4+r5)+(r6+r7)))
 scores       : clip=0.9485  epe=2.1397  lpips=0.2502  ssim=0.9197  psnr=27.9358
 imbalance    : 1.153x (slowest shard 96.734s / fastest 83.9s)
 per video    : cpu=249.586s  gpu_busy=0.616s
 summary      : /prj/corp/airesearch/lasvegas/vol22-scratch/users/tanngo/PhD/ray_learning/speed_up_video_evaluation/results/movebench_jitter_rep/ray-tuned_g8_rep2/summary.json
--------------------------------------------------------------
 cold start   : 17.97s (actor pool + model load)
 compute      : 96.76s
 wall clock   : 114.73s
 per actor    : {0: 7, 1: 7, 2: 7, 3: 7, 4: 6, 5: 4, 6: 5, 7: 5} videos
