$ /usr2/tanngo/vol11/miniconda3/envs/vipe-new/bin/python /prj/corp/airesearch/lasvegas/vol22-scratch/users/tanngo/PhD/ray_learning/speed_up_video_evaluation/movebench/run_ray.py --dataset data/eval81_jitter --gpus 8 --threads-mode tuned --out /prj/corp/airesearch/lasvegas/vol22-scratch/users/tanngo/PhD/ray_learning/speed_up_video_evaluation/results/movebench_jitter_rep/ray-tuned_g8_rep1 --limit 48 --max-frames 24

2026-08-11 02:44:44,285	WARNING utils.py:461 -- Detecting docker specified CPUs. In previous versions of Ray, CPU detection in containers was incorrect. Please ensure that Ray has enough CPUs allocated. As a temporary workaround to revert to the prior behavior, set `RAY_USE_MULTIPROCESSING_CPU_COUNT=1` as an env var before starting Ray. Set the env var: `RAY_DISABLE_DOCKER_CPU_WARNING=1` to mute this warning.
2026-08-11 02:44:45,678	INFO worker.py:2012 -- Started a local Ray instance.
/usr2/tanngo/vol11/miniconda3/envs/vipe-new/lib/python3.11/site-packages/ray/_private/worker.py:2051: FutureWarning: Tip: In future versions of Ray, Ray will no longer override accelerator visible devices env var if num_gpus=0 or num_gpus=None (default). To enable this behavior and turn off this error message, set RAY_ACCEL_ENV_VAR_OVERRIDE_ON_ZERO=0
  warnings.warn(
==============================================================
 launcher     : Ray actor pool (dynamic work queue)
 dataset      : data/eval81_jitter  (48 videos)
 pool size    : 8 actors (1 GPU each)
 CPU quota    : 198   | Ray detected: 198   | nproc: 256
 threads mode : tuned   num_cpus=24.0  torch.set_num_threads(24)
 out          : /prj/corp/airesearch/lasvegas/vol22-scratch/users/tanngo/PhD/ray_learning/speed_up_video_evaluation/results/movebench_jitter_rep/ray-tuned_g8_rep1
==============================================================
 actor pool ready in 17.4s
   actor 0: load=14.419s OMP=24 torch_threads=24
   actor 1: load=14.568s OMP=24 torch_threads=24
   actor 2: load=14.451s OMP=24 torch_threads=24
   actor 3: load=14.623s OMP=24 torch_threads=24
   actor 4: load=14.491s OMP=24 torch_threads=24
   actor 5: load=14.508s OMP=24 torch_threads=24
   actor 6: load=14.531s OMP=24 torch_threads=24
   actor 7: load=14.539s OMP=24 torch_threads=24
 [1/48] recam1_0005 actor=2 wall=7.20s cpu=118.3s gpu_util=1.54% cores_busy=16.4
 [2/48] recam1_0007 actor=0 wall=7.42s cpu=120.6s gpu_util=2.35% cores_busy=16.2
 [3/48] recam1_0006 actor=1 wall=7.84s cpu=129.3s gpu_util=2.93% cores_busy=16.5
 [4/48] recam1_0004 actor=3 wall=10.94s cpu=184.6s gpu_util=3.54% cores_busy=16.9
 [5/48] recam1_0003 actor=4 wall=12.89s cpu=209.7s gpu_util=2.87% cores_busy=16.3
 [6/48] recam1_0002 actor=5 wall=16.06s cpu=270.4s gpu_util=2.85% cores_busy=16.8
 [7/48] recam1_0008 actor=2 wall=10.32s cpu=172.3s gpu_util=3.22% cores_busy=16.7
 [8/48] recam1_0001 actor=6 wall=21.77s cpu=352.2s gpu_util=3.65% cores_busy=16.2
 [9/48] recam1_0000 actor=7 wall=23.83s cpu=399.6s gpu_util=3.88% cores_busy=16.8
 [10/48] recam1_0010 actor=1 wall=17.24s cpu=297.8s gpu_util=4.55% cores_busy=17.3
 [11/48] recam1_0012 actor=4 wall=16.26s cpu=274.2s gpu_util=4.11% cores_busy=16.9
 [12/48] recam1_0009 actor=0 wall=22.11s cpu=373.2s gpu_util=4.92% cores_busy=16.9
 [13/48] recam1_0011 actor=3 wall=23.17s cpu=394.3s gpu_util=4.41% cores_busy=17.0
 [14/48] recam1_0013 actor=5 wall=18.26s cpu=308.5s gpu_util=4.56% cores_busy=16.9
 [15/48] recam1_0017 actor=1 wall=15.15s cpu=258.4s gpu_util=4.97% cores_busy=17.1
 [16/48] recam1_0016 actor=7 wall=18.47s cpu=316.9s gpu_util=3.09% cores_busy=17.2
 [17/48] recam1_0015 actor=6 wall=22.89s cpu=365.4s gpu_util=3.52% cores_busy=16.0
 [18/48] recam1_0020 actor=3 wall=11.04s cpu=188.4s gpu_util=4.22% cores_busy=17.1
 [19/48] recam1_0014 actor=2 wall=27.68s cpu=449.7s gpu_util=3.61% cores_busy=16.2
 [20/48] recam1_0018 actor=4 wall=17.06s cpu=284.4s gpu_util=3.67% cores_busy=16.7
 [21/48] recam1_0023 actor=7 wall=6.19s cpu=106.5s gpu_util=5.15% cores_busy=17.2
 [22/48] recam1_0027 actor=4 wall=6.38s cpu=109.2s gpu_util=3.99% cores_busy=17.1
 [23/48] recam1_0019 actor=0 wall=24.59s cpu=413.1s gpu_util=4.82% cores_busy=16.8
 [24/48] recam1_0021 actor=5 wall=22.05s cpu=372.2s gpu_util=3.11% cores_busy=16.9
 [25/48] recam1_0022 actor=1 wall=17.16s cpu=296.6s gpu_util=4.7% cores_busy=17.3
 [26/48] recam1_0024 actor=6 wall=15.61s cpu=252.7s gpu_util=3.42% cores_busy=16.2
 [27/48] recam1_0026 actor=2 wall=17.94s cpu=297.0s gpu_util=3.19% cores_busy=16.6
 [28/48] recam1_0032 actor=1 wall=7.15s cpu=124.5s gpu_util=4.59% cores_busy=17.4
 [29/48] recam1_0031 actor=5 wall=9.46s cpu=163.2s gpu_util=3.57% cores_busy=17.2
 [30/48] recam1_0028 actor=7 wall=18.53s cpu=323.7s gpu_util=5.35% cores_busy=17.5
 [31/48] recam1_0025 actor=3 wall=22.91s cpu=392.4s gpu_util=3.87% cores_busy=17.1
 [32/48] recam1_0034 actor=2 wall=6.60s cpu=108.9s gpu_util=5.25% cores_busy=16.5
 [33/48] recam1_0029 actor=4 wall=17.53s cpu=303.3s gpu_util=4.35% cores_busy=17.3
 [34/48] recam1_0036 actor=5 wall=6.98s cpu=119.0s gpu_util=5.9% cores_busy=17.1
 [35/48] recam1_0030 actor=0 wall=22.89s cpu=384.8s gpu_util=4.2% cores_busy=16.8
 [36/48] recam1_0041 actor=5 wall=6.11s cpu=104.6s gpu_util=5.03% cores_busy=17.1
 [37/48] recam1_0037 actor=7 wall=11.94s cpu=207.1s gpu_util=4.91% cores_busy=17.3
 [38/48] recam1_0035 actor=1 wall=15.60s cpu=269.2s gpu_util=4.2% cores_busy=17.3
 [39/48] recam1_0040 actor=4 wall=12.31s cpu=210.2s gpu_util=4.07% cores_busy=17.1
 [40/48] recam1_0042 actor=0 wall=6.21s cpu=106.3s gpu_util=5.39% cores_busy=17.1
 [41/48] recam1_0038 actor=3 wall=15.93s cpu=273.2s gpu_util=3.83% cores_busy=17.2
 [42/48] recam1_0039 actor=2 wall=14.28s cpu=241.3s gpu_util=3.22% cores_busy=16.9
 [43/48] recam1_0033 actor=6 wall=24.30s cpu=405.1s gpu_util=3.67% cores_busy=16.7
 [44/48] recam1_0044 actor=7 wall=5.92s cpu=101.3s gpu_util=4.91% cores_busy=17.1
 [45/48] recam1_0043 actor=5 wall=7.95s cpu=133.8s gpu_util=2.56% cores_busy=16.8
 [46/48] recam1_0046 actor=4 wall=10.99s cpu=186.7s gpu_util=7.57% cores_busy=17.0
 [47/48] recam1_0045 actor=1 wall=13.44s cpu=232.8s gpu_util=6.82% cores_busy=17.3
 [48/48] recam1_0047 actor=0 wall=14.19s cpu=238.6s gpu_util=5.47% cores_busy=16.8
 merged       : 8 shards, 48 videos
   tree-reduce round 1: 8 -> 4  (r0+r1) (r2+r3) (r4+r5) (r6+r7)
   tree-reduce round 2: 4 -> 2  ((r0+r1)+(r2+r3)) ((r4+r5)+(r6+r7))
   tree-reduce round 3: 2 -> 1  (((r0+r1)+(r2+r3))+((r4+r5)+(r6+r7)))
 scores       : clip=0.9485  epe=2.1397  lpips=0.2502  ssim=0.9197  psnr=27.9358
 imbalance    : 1.16x (slowest shard 97.413s / fastest 84.0s)
 per video    : cpu=248.866s  gpu_busy=0.607s
 summary      : /prj/corp/airesearch/lasvegas/vol22-scratch/users/tanngo/PhD/ray_learning/speed_up_video_evaluation/results/movebench_jitter_rep/ray-tuned_g8_rep1/summary.json
--------------------------------------------------------------
 cold start   : 17.41s (actor pool + model load)
 compute      : 97.43s
 wall clock   : 114.84s
 per actor    : {0: 6, 1: 7, 2: 6, 3: 5, 4: 7, 5: 7, 6: 4, 7: 6} videos
