[rank 3/8] 1/8 videos | threads=0 (quota=198) | torch=128 | cuda_devices=1
[rank 3] pipeline built in 9.5s
2026-08-11 00:59:12,543 - vipe.slam.components.buffer - INFO - BA iters = 16, energy: 9.266122873872519 -> 6.854643940925598
2026-08-11 00:59:12,896 - vipe.slam.components.buffer - INFO - BA iters = 16, energy: 2.305472493171692 -> 1.1606145463883877
2026-08-11 00:59:13,248 - vipe.slam.components.buffer - INFO - BA iters = 16, energy: 0.8170330761931837 -> 0.699889186580549
2026-08-11 00:59:13,703 - vipe.slam.components.buffer - INFO - BA iters = 16, energy: 0.8799386769533157 -> 0.6959136223886162
2026-08-11 00:59:13,930 - vipe.slam.components.buffer - INFO - BA iters = 16, energy: 0.6996011830633506 -> 0.6976189775305102
2026-08-11 00:59:14,157 - vipe.slam.components.buffer - INFO - BA iters = 16, energy: 0.7137532987981103 -> 0.7128305973892566
2026-08-11 00:59:14,380 - vipe.slam.components.buffer - INFO - BA iters = 16, energy: 0.7070019181264797 -> 0.7067959729465656
2026-08-11 00:59:14,758 - vipe.slam.components.buffer - INFO - BA iters = 16, energy: 6.014598530833609 -> 5.170494735240936
2026-08-11 00:59:15,109 - vipe.slam.components.buffer - INFO - BA iters = 16, energy: 2.0492343306541443 -> 0.9435648390790448
2026-08-11 00:59:15,454 - vipe.slam.components.buffer - INFO - BA iters = 16, energy: 0.7006061237771064 -> 0.6302458852442214
2026-08-11 00:59:15,801 - vipe.slam.components.buffer - INFO - BA iters = 16, energy: 0.6898980349797057 -> 0.6787108594435267
2026-08-11 00:59:16,145 - vipe.slam.components.buffer - INFO - BA iters = 16, energy: 0.6831311999703757 -> 0.6808192175521981
2026-08-11 00:59:16,485 - vipe.slam.components.buffer - INFO - BA iters = 16, energy: 0.6892727663071128 -> 0.688752165529877
2026-08-11 00:59:16,844 - vipe.slam.components.buffer - INFO - BA iters = 16, energy: 0.6811859512963565 -> 0.6810374864580808
2026-08-11 00:59:17,206 - vipe.slam.components.buffer - INFO - BA iters = 16, energy: 0.672270775627112 -> 0.6721981667578802
2026-08-11 00:59:17,555 - vipe.slam.components.buffer - INFO - BA iters = 16, energy: 0.6593954466661671 -> 0.6593813196377596
2026-08-11 00:59:17,918 - vipe.slam.components.buffer - INFO - BA iters = 16, energy: 0.6486503381020157 -> 0.6486411859586951
2026-08-11 00:59:18,263 - vipe.slam.components.buffer - INFO - BA iters = 16, energy: 0.6381413509516278 -> 0.638136478693923
2026-08-11 00:59:18,623 - vipe.slam.components.buffer - INFO - BA iters = 16, energy: 0.6289677346067037 -> 0.628965138021158
2026-08-11 00:59:19,085 - vipe.slam.components.buffer - INFO - BA iters = 16, energy: 0.6209852169704391 -> 0.62094326443912
2026-08-11 00:59:19,320 - vipe.slam.components.buffer - INFO - BA iters = 16, energy: 0.6138653319940204 -> 0.6138641410652781
2026-08-11 00:59:19,559 - vipe.slam.components.buffer - INFO - BA iters = 16, energy: 0.60744430343766 -> 0.6074433614412555
2026-08-11 00:59:19,820 - vipe.slam.components.buffer - INFO - BA iters = 16, energy: 0.601626961317379 -> 0.6016266338629066
2026-08-11 00:59:20,049 - vipe.slam.components.buffer - INFO - BA iters = 16, energy: 0.5961864583514398 -> 0.5961860529496334
2026-08-11 00:59:20,276 - vipe.slam.components.buffer - INFO - BA iters = 16, energy: 0.5911272279554396 -> 0.5911267260671593
2026-08-11 00:59:20,499 - vipe.slam.components.buffer - INFO - BA iters = 16, energy: 0.5866194228437962 -> 0.5866190233937232
2026-08-11 00:59:20,725 - vipe.slam.components.buffer - INFO - BA iters = 16, energy: 0.5823931733029895 -> 0.5823927156889113
2026-08-11 00:59:20,965 - vipe.slam.components.buffer - INFO - BA iters = 16, energy: 0.5783561098141945 -> 0.5783560828422196
2026-08-11 00:59:21,219 - vipe.slam.components.buffer - INFO - BA iters = 16, energy: 0.574613447941374 -> 0.5746129017934436
2026-08-11 00:59:21,451 - vipe.slam.components.buffer - INFO - BA iters = 16, energy: 0.5711759787518531 -> 0.5711759604309918
2026-08-11 00:59:21,677 - vipe.slam.components.buffer - INFO - BA iters = 16, energy: 0.5678099072756595 -> 0.5678096530173207
2026-08-11 01:00:16,890 - vipe.pipeline.default - INFO - Saving artifacts to ArtifactPath(base_path=PosixPath('/prj/corp/airesearch/lasvegas/vol22-scratch/users/tanngo/PhD/ray_learning/speed_up_video_evaluation/results/vipe_prodcached/fork-unpinned_g8/artifacts'), artifact_name='recam12')
2026-08-11 01:00:23,486 - vipe.pipeline.processors - INFO - Minimum UV score: 0.2200
[rank 3] 1/1 recam12 wall=170.49s cpu=3588.2s cache=9.46s gpu_util=8.28% cores_busy=21.0
[rank 3] DONE 1 videos in 171.5s -> /prj/corp/airesearch/lasvegas/vol22-scratch/users/tanngo/PhD/ray_learning/speed_up_video_evaluation/results/vipe_prodcached/fork-unpinned_g8/shard_3.json
