[rank 1/2] 24/48 videos | threads=0 (quota=198) | torch=128 | cuda_devices=1 | policy=original
Using a slow image processor as `use_fast` is unset and a slow processor was saved with this model. `use_fast=True` will be the default behavior in v4.52, even if the model was saved with a slow processor. This will result in minor differences in outputs. You'll still be able to use a slow processor with `use_fast=False`.
/usr2/tanngo/vol11/miniconda3/envs/vipe-new/lib/python3.11/site-packages/torchvision/models/_utils.py:208: UserWarning: The parameter 'pretrained' is deprecated since 0.13 and may be removed in the future, please use 'weights' instead.
  warnings.warn(
/usr2/tanngo/vol11/miniconda3/envs/vipe-new/lib/python3.11/site-packages/torchvision/models/_utils.py:223: UserWarning: Arguments other than a weight enum or `None` for 'weights' are deprecated since 0.13 and may be removed in the future. The current behavior is equivalent to passing `weights=VGG16_Weights.IMAGENET1K_V1`. You can also use `weights=VGG16_Weights.DEFAULT` to get the most up-to-date weights.
  warnings.warn(msg)
[rank 1] models loaded in 10.3s
[rank 1] 1/24 recam1_0001 wall=17.45s cpu=1369.9s gpu_busy=0.7s gpu_util=4.0% cores_busy=78.5
[rank 1] 2/24 recam1_0003 wall=17.70s cpu=1425.5s gpu_busy=0.99s gpu_util=5.58% cores_busy=80.5
[rank 1] 3/24 recam1_0005 wall=17.23s cpu=1378.9s gpu_busy=1.2s gpu_util=6.94% cores_busy=80.0
[rank 1] 4/24 recam1_0007 wall=18.22s cpu=1458.5s gpu_busy=1.03s gpu_util=5.68% cores_busy=80.0
[rank 1] 5/24 recam1_0009 wall=17.35s cpu=1383.4s gpu_busy=1.18s gpu_util=6.8% cores_busy=79.7
[rank 1] 6/24 recam1_0011 wall=17.58s cpu=1400.6s gpu_busy=1.19s gpu_util=6.75% cores_busy=79.7
[rank 1] 7/24 recam1_0013 wall=18.74s cpu=1497.4s gpu_busy=1.14s gpu_util=6.09% cores_busy=79.9
[rank 1] 8/24 recam1_0015 wall=18.47s cpu=1516.2s gpu_busy=0.92s gpu_util=4.96% cores_busy=82.1
[rank 1] 9/24 recam1_0017 wall=16.67s cpu=1324.4s gpu_busy=1.18s gpu_util=7.07% cores_busy=79.4
[rank 1] 10/24 recam1_0019 wall=17.87s cpu=1431.0s gpu_busy=1.16s gpu_util=6.52% cores_busy=80.1
[rank 1] 11/24 recam1_0021 wall=16.63s cpu=1335.7s gpu_busy=1.07s gpu_util=6.45% cores_busy=80.3
[rank 1] 12/24 recam1_0023 wall=17.59s cpu=1403.6s gpu_busy=1.28s gpu_util=7.27% cores_busy=79.8
[rank 1] 13/24 recam1_0025 wall=16.93s cpu=1342.8s gpu_busy=1.06s gpu_util=6.28% cores_busy=79.3
[rank 1] 14/24 recam1_0027 wall=16.75s cpu=1348.4s gpu_busy=1.05s gpu_util=6.27% cores_busy=80.5
[rank 1] 15/24 recam1_0029 wall=17.08s cpu=1350.1s gpu_busy=1.13s gpu_util=6.61% cores_busy=79.1
[rank 1] 16/24 recam1_0031 wall=18.91s cpu=1548.6s gpu_busy=1.23s gpu_util=6.52% cores_busy=81.9
[rank 1] 17/24 recam1_0033 wall=18.73s cpu=1495.0s gpu_busy=0.85s gpu_util=4.55% cores_busy=79.8
[rank 1] 18/24 recam1_0035 wall=18.26s cpu=1475.4s gpu_busy=1.15s gpu_util=6.29% cores_busy=80.8
[rank 1] 19/24 recam1_0037 wall=17.67s cpu=1439.5s gpu_busy=0.83s gpu_util=4.7% cores_busy=81.5
[rank 1] 20/24 recam1_0039 wall=18.91s cpu=1544.7s gpu_busy=1.15s gpu_util=6.09% cores_busy=81.7
[rank 1] 21/24 recam1_0041 wall=17.21s cpu=1387.3s gpu_busy=0.96s gpu_util=5.55% cores_busy=80.6
[rank 1] 22/24 recam1_0043 wall=17.79s cpu=1417.0s gpu_busy=0.95s gpu_util=5.32% cores_busy=79.6
[rank 1] 23/24 recam1_0045 wall=17.44s cpu=1390.1s gpu_busy=0.94s gpu_util=5.4% cores_busy=79.7
[rank 1] 24/24 recam1_0047 wall=15.51s cpu=1200.6s gpu_busy=1.09s gpu_util=7.01% cores_busy=77.4
[rank 1] DONE 24 videos in 422.7s -> /prj/corp/airesearch/lasvegas/vol22-scratch/users/tanngo/PhD/ray_learning/speed_up_video_evaluation/results/movebench_unpinned/fork-unpinned_g2/shard_1.json
