[rank 0/2] 24/48 videos | threads=0 (quota=198) | torch=128 | cuda_devices=1 | policy=original
Using a slow image processor as `use_fast` is unset and a slow processor was saved with this model. `use_fast=True` will be the default behavior in v4.52, even if the model was saved with a slow processor. This will result in minor differences in outputs. You'll still be able to use a slow processor with `use_fast=False`.
/usr2/tanngo/vol11/miniconda3/envs/vipe-new/lib/python3.11/site-packages/torchvision/models/_utils.py:208: UserWarning: The parameter 'pretrained' is deprecated since 0.13 and may be removed in the future, please use 'weights' instead.
  warnings.warn(
/usr2/tanngo/vol11/miniconda3/envs/vipe-new/lib/python3.11/site-packages/torchvision/models/_utils.py:223: UserWarning: Arguments other than a weight enum or `None` for 'weights' are deprecated since 0.13 and may be removed in the future. The current behavior is equivalent to passing `weights=VGG16_Weights.IMAGENET1K_V1`. You can also use `weights=VGG16_Weights.DEFAULT` to get the most up-to-date weights.
  warnings.warn(msg)
[rank 0] models loaded in 10.5s
[rank 0] 1/24 recam1_0000 wall=15.88s cpu=1247.2s gpu_busy=0.84s gpu_util=5.29% cores_busy=78.6
[rank 0] 2/24 recam1_0002 wall=16.67s cpu=1323.0s gpu_busy=1.42s gpu_util=8.54% cores_busy=79.4
[rank 0] 3/24 recam1_0004 wall=16.46s cpu=1315.6s gpu_busy=1.09s gpu_util=6.61% cores_busy=79.9
[rank 0] 4/24 recam1_0006 wall=17.52s cpu=1393.3s gpu_busy=1.17s gpu_util=6.69% cores_busy=79.5
[rank 0] 5/24 recam1_0008 wall=17.32s cpu=1361.7s gpu_busy=1.24s gpu_util=7.17% cores_busy=78.6
[rank 0] 6/24 recam1_0010 wall=17.17s cpu=1384.9s gpu_busy=0.83s gpu_util=4.84% cores_busy=80.7
[rank 0] 7/24 recam1_0012 wall=17.36s cpu=1385.8s gpu_busy=1.15s gpu_util=6.62% cores_busy=79.8
[rank 0] 8/24 recam1_0014 wall=17.00s cpu=1345.6s gpu_busy=1.1s gpu_util=6.47% cores_busy=79.2
[rank 0] 9/24 recam1_0016 wall=17.17s cpu=1380.4s gpu_busy=0.92s gpu_util=5.37% cores_busy=80.4
[rank 0] 10/24 recam1_0018 wall=18.65s cpu=1526.4s gpu_busy=1.24s gpu_util=6.64% cores_busy=81.8
[rank 0] 11/24 recam1_0020 wall=16.70s cpu=1330.2s gpu_busy=1.19s gpu_util=7.11% cores_busy=79.7
[rank 0] 12/24 recam1_0022 wall=17.56s cpu=1407.8s gpu_busy=1.09s gpu_util=6.21% cores_busy=80.2
[rank 0] 13/24 recam1_0024 wall=16.78s cpu=1357.8s gpu_busy=1.0s gpu_util=5.99% cores_busy=80.9
[rank 0] 14/24 recam1_0026 wall=16.90s cpu=1361.2s gpu_busy=1.06s gpu_util=6.28% cores_busy=80.5
[rank 0] 15/24 recam1_0028 wall=17.41s cpu=1365.0s gpu_busy=0.94s gpu_util=5.41% cores_busy=78.4
[rank 0] 16/24 recam1_0030 wall=17.54s cpu=1419.2s gpu_busy=0.97s gpu_util=5.54% cores_busy=80.9
[rank 0] 17/24 recam1_0032 wall=18.11s cpu=1453.8s gpu_busy=1.08s gpu_util=5.98% cores_busy=80.3
[rank 0] 18/24 recam1_0034 wall=18.59s cpu=1517.9s gpu_busy=1.03s gpu_util=5.56% cores_busy=81.7
[rank 0] 19/24 recam1_0036 wall=17.36s cpu=1392.5s gpu_busy=1.08s gpu_util=6.24% cores_busy=80.2
[rank 0] 20/24 recam1_0038 wall=18.24s cpu=1498.2s gpu_busy=1.12s gpu_util=6.17% cores_busy=82.2
[rank 0] 21/24 recam1_0040 wall=18.22s cpu=1486.8s gpu_busy=1.09s gpu_util=5.98% cores_busy=81.6
[rank 0] 22/24 recam1_0042 wall=17.19s cpu=1361.3s gpu_busy=0.89s gpu_util=5.2% cores_busy=79.2
[rank 0] 23/24 recam1_0044 wall=16.96s cpu=1345.3s gpu_busy=0.99s gpu_util=5.83% cores_busy=79.3
[rank 0] 24/24 recam1_0046 wall=17.01s cpu=1355.1s gpu_busy=1.35s gpu_util=7.97% cores_busy=79.7
[rank 0] DONE 24 videos in 415.8s -> /prj/corp/airesearch/lasvegas/vol22-scratch/users/tanngo/PhD/ray_learning/speed_up_video_evaluation/results/movebench_unpinned/fork-unpinned_g2/shard_0.json
