[rank 1/8] 1/8 videos | threads=24 (quota=198) | torch=24 | cuda_devices=1
[rank 1] pipeline built in 9.5s
2026-08-11 01:14:53,889 - vipe.slam.components.buffer - INFO - BA iters = 16, energy: 4.594150147400796 -> 3.876343997195363
2026-08-11 01:14:54,221 - vipe.slam.components.buffer - INFO - BA iters = 16, energy: 1.1477249152958393 -> 0.7886035867559258
2026-08-11 01:14:54,551 - vipe.slam.components.buffer - INFO - BA iters = 16, energy: 0.7567482413724065 -> 0.6869829276856763
2026-08-11 01:14:54,963 - vipe.slam.components.buffer - INFO - BA iters = 16, energy: 0.9255843162536621 -> 0.7261492714696942
2026-08-11 01:14:55,171 - vipe.slam.components.buffer - INFO - BA iters = 16, energy: 0.7542289599696232 -> 0.752378877985393
2026-08-11 01:14:55,379 - vipe.slam.components.buffer - INFO - BA iters = 16, energy: 0.7676305740878888 -> 0.7670617018957273
2026-08-11 01:14:55,587 - vipe.slam.components.buffer - INFO - BA iters = 16, energy: 0.7652757083451434 -> 0.7649862684666004
2026-08-11 01:14:55,929 - vipe.slam.components.buffer - INFO - BA iters = 16, energy: 4.015018574165879 -> 3.8174069551751018
2026-08-11 01:14:56,262 - vipe.slam.components.buffer - INFO - BA iters = 16, energy: 1.169956050813198 -> 0.812413950683549
2026-08-11 01:14:56,592 - vipe.slam.components.buffer - INFO - BA iters = 16, energy: 0.7657888133544475 -> 0.6913642981817247
2026-08-11 01:14:56,921 - vipe.slam.components.buffer - INFO - BA iters = 16, energy: 0.7353512149056769 -> 0.7241255838507641
2026-08-11 01:14:57,254 - vipe.slam.components.buffer - INFO - BA iters = 16, energy: 0.7453980643895193 -> 0.7429612981250102
2026-08-11 01:14:57,584 - vipe.slam.components.buffer - INFO - BA iters = 16, energy: 0.7539199697348522 -> 0.7534737244604912
2026-08-11 01:14:57,919 - vipe.slam.components.buffer - INFO - BA iters = 16, energy: 0.7523579254484503 -> 0.7520654194013332
2026-08-11 01:14:58,258 - vipe.slam.components.buffer - INFO - BA iters = 16, energy: 0.7515106789305719 -> 0.75140695889786
2026-08-11 01:14:58,589 - vipe.slam.components.buffer - INFO - BA iters = 16, energy: 0.7452895553760754 -> 0.7452635158642806
2026-08-11 01:14:58,921 - vipe.slam.components.buffer - INFO - BA iters = 16, energy: 0.7411681403627881 -> 0.7411374189305207
2026-08-11 01:14:59,250 - vipe.slam.components.buffer - INFO - BA iters = 16, energy: 0.7356250026932685 -> 0.7356106527040538
2026-08-11 01:14:59,581 - vipe.slam.components.buffer - INFO - BA iters = 16, energy: 0.7320791371457744 -> 0.7320743935106293
2026-08-11 01:14:59,994 - vipe.slam.components.buffer - INFO - BA iters = 16, energy: 0.7276073828979861 -> 0.727246428723447
2026-08-11 01:15:00,202 - vipe.slam.components.buffer - INFO - BA iters = 16, energy: 0.7242082608372584 -> 0.7242070787615376
2026-08-11 01:15:00,410 - vipe.slam.components.buffer - INFO - BA iters = 16, energy: 0.7202030771495629 -> 0.7202017168492603
2026-08-11 01:15:00,618 - vipe.slam.components.buffer - INFO - BA iters = 16, energy: 0.7173694233715651 -> 0.7173687129670725
2026-08-11 01:15:00,829 - vipe.slam.components.buffer - INFO - BA iters = 16, energy: 0.7138655691924214 -> 0.7138649025910127
2026-08-11 01:15:01,042 - vipe.slam.components.buffer - INFO - BA iters = 16, energy: 0.7115655342240643 -> 0.7115649056922848
2026-08-11 01:15:01,252 - vipe.slam.components.buffer - INFO - BA iters = 16, energy: 0.7085149956092209 -> 0.70851423548811
2026-08-11 01:15:01,468 - vipe.slam.components.buffer - INFO - BA iters = 16, energy: 0.7062587956988864 -> 0.7062585042294813
2026-08-11 01:15:01,689 - vipe.slam.components.buffer - INFO - BA iters = 16, energy: 0.7037024782257504 -> 0.7037018598093709
2026-08-11 01:15:01,917 - vipe.slam.components.buffer - INFO - BA iters = 16, energy: 0.7017552913494001 -> 0.7017546223687532
2026-08-11 01:15:02,126 - vipe.slam.components.buffer - INFO - BA iters = 16, energy: 0.6994565056793363 -> 0.6994557469261053
2026-08-11 01:15:02,334 - vipe.slam.components.buffer - INFO - BA iters = 16, energy: 0.6977661340642953 -> 0.69776553039992
2026-08-11 01:15:10,837 - vipe.pipeline.default - INFO - Saving artifacts to ArtifactPath(base_path=PosixPath('/prj/corp/airesearch/lasvegas/vol22-scratch/users/tanngo/PhD/ray_learning/speed_up_video_evaluation/results/vipe_prodcached/fork_g8/artifacts'), artifact_name='recam10')
2026-08-11 01:15:16,661 - vipe.pipeline.processors - INFO - Minimum UV score: 0.4500
[rank 1] 1/1 recam10 wall=57.86s cpu=184.8s cache=1.13s gpu_util=21.72% cores_busy=3.2
[rank 1] DONE 1 videos in 58.9s -> /prj/corp/airesearch/lasvegas/vol22-scratch/users/tanngo/PhD/ray_learning/speed_up_video_evaluation/results/vipe_prodcached/fork_g8/shard_1.json
