$ /usr2/tanngo/vol11/miniconda3/envs/vipe-new/bin/python /prj/corp/airesearch/lasvegas/vol22-scratch/users/tanngo/PhD/ray_learning/speed_up_video_evaluation/vipe_slow/run_ray.py --videos vipe_slow/test_video --gpus 8 --threads-mode auto --out /prj/corp/airesearch/lasvegas/vol22-scratch/users/tanngo/PhD/ray_learning/speed_up_video_evaluation/results/vipe_rayarms/ray-auto_g8 --limit 8

2026-08-10 21:42:40,835	WARNING utils.py:461 -- Detecting docker specified CPUs. In previous versions of Ray, CPU detection in containers was incorrect. Please ensure that Ray has enough CPUs allocated. As a temporary workaround to revert to the prior behavior, set `RAY_USE_MULTIPROCESSING_CPU_COUNT=1` as an env var before starting Ray. Set the env var: `RAY_DISABLE_DOCKER_CPU_WARNING=1` to mute this warning.
2026-08-10 21:42:43,281	INFO worker.py:2012 -- Started a local Ray instance.
/usr2/tanngo/vol11/miniconda3/envs/vipe-new/lib/python3.11/site-packages/ray/_private/worker.py:2051: FutureWarning: Tip: In future versions of Ray, Ray will no longer override accelerator visible devices env var if num_gpus=0 or num_gpus=None (default). To enable this behavior and turn off this error message, set RAY_ACCEL_ENV_VAR_OVERRIDE_ON_ZERO=0
  warnings.warn(
==============================================================
 launcher     : Ray actor pool (dynamic work queue)
 videos       : vipe_slow/test_video  (8 videos)
 pool size    : 8 actors (1 GPU each)
 CPU quota    : 198   | Ray detected: 198   | nproc: 256
 threads mode : auto   (Ray default -> OMP=1/actor)
 out          : /prj/corp/airesearch/lasvegas/vol22-scratch/users/tanngo/PhD/ray_learning/speed_up_video_evaluation/results/vipe_rayarms/ray-auto_g8
==============================================================
 actor pool ready in 27.9s
   actor 0: load=17.632s OMP=1 torch=1
   actor 1: load=17.644s OMP=1 torch=1
   actor 2: load=17.606s OMP=1 torch=1
   actor 3: load=17.634s OMP=1 torch=1
   actor 4: load=17.618s OMP=1 torch=1
   actor 5: load=17.64s OMP=1 torch=1
   actor 6: load=17.61s OMP=1 torch=1
   actor 7: load=17.601s OMP=1 torch=1
 [1/8] recam1 actor=7 wall=76.03s cpu=79.4s gpu_util=15.92% cores_busy=1.045
 [2/8] recam4 actor=1 wall=76.06s cpu=83.0s gpu_util=16.29% cores_busy=1.091
 [3/8] recam12 actor=4 wall=76.20s cpu=80.9s gpu_util=16.29% cores_busy=1.062
 [4/8] recam5 actor=0 wall=76.35s cpu=81.4s gpu_util=15.95% cores_busy=1.066
 [5/8] recam2 actor=3 wall=76.38s cpu=79.3s gpu_util=15.72% cores_busy=1.038
 [6/8] recam3 actor=2 wall=76.92s cpu=84.0s gpu_util=17.11% cores_busy=1.092
 [7/8] recam11 actor=5 wall=77.06s cpu=83.8s gpu_util=15.83% cores_busy=1.088
 [8/8] recam10 actor=6 wall=78.27s cpu=88.9s gpu_util=15.34% cores_busy=1.135
 merged       : 8 shards, 8 videos
 videos/shard : [1, 1, 1, 1, 1, 1, 1, 1]
 imbalance    : 1.029x (slowest 78.268s / fastest 76.0s)
 per video    : cpu=82.579s  gpu_busy=12.307s  occupancy=0.16
 summary      : /prj/corp/airesearch/lasvegas/vol22-scratch/users/tanngo/PhD/ray_learning/speed_up_video_evaluation/results/vipe_rayarms/ray-auto_g8/vipe_summary.json
--------------------------------------------------------------
 cold start   : 27.87s
 compute      : 79.27s
 wall clock   : 107.15s
 per actor    : {0: 1, 1: 1, 2: 1, 3: 1, 4: 1, 5: 1, 6: 1, 7: 1}
