[rank 2/4] 12/48 videos | threads=0 (quota=198) | torch=128 | cuda_devices=1 | policy=original
Using a slow image processor as `use_fast` is unset and a slow processor was saved with this model. `use_fast=True` will be the default behavior in v4.52, even if the model was saved with a slow processor. This will result in minor differences in outputs. You'll still be able to use a slow processor with `use_fast=False`.
/usr2/tanngo/vol11/miniconda3/envs/vipe-new/lib/python3.11/site-packages/torchvision/models/_utils.py:208: UserWarning: The parameter 'pretrained' is deprecated since 0.13 and may be removed in the future, please use 'weights' instead.
  warnings.warn(
/usr2/tanngo/vol11/miniconda3/envs/vipe-new/lib/python3.11/site-packages/torchvision/models/_utils.py:223: UserWarning: Arguments other than a weight enum or `None` for 'weights' are deprecated since 0.13 and may be removed in the future. The current behavior is equivalent to passing `weights=VGG16_Weights.IMAGENET1K_V1`. You can also use `weights=VGG16_Weights.DEFAULT` to get the most up-to-date weights.
  warnings.warn(msg)
[rank 2] models loaded in 11.6s
[rank 2] 1/12 recam1_0002 wall=130.46s cpu=6404.7s gpu_busy=0.93s gpu_util=0.71% cores_busy=49.1
[rank 2] 2/12 recam1_0006 wall=126.57s cpu=6212.8s gpu_busy=1.09s gpu_util=0.86% cores_busy=49.1
[rank 2] 3/12 recam1_0010 wall=128.83s cpu=6348.4s gpu_busy=1.18s gpu_util=0.92% cores_busy=49.3
[rank 2] 4/12 recam1_0014 wall=135.33s cpu=6695.2s gpu_busy=1.42s gpu_util=1.05% cores_busy=49.5
[rank 2] 5/12 recam1_0018 wall=126.29s cpu=6263.4s gpu_busy=0.9s gpu_util=0.72% cores_busy=49.6
[rank 2] 6/12 recam1_0022 wall=128.68s cpu=6351.8s gpu_busy=1.05s gpu_util=0.82% cores_busy=49.4
[rank 2] 7/12 recam1_0026 wall=129.55s cpu=6437.0s gpu_busy=0.98s gpu_util=0.76% cores_busy=49.7
[rank 2] 8/12 recam1_0030 wall=130.93s cpu=6486.2s gpu_busy=1.03s gpu_util=0.79% cores_busy=49.5
[rank 2] 9/12 recam1_0034 wall=130.00s cpu=6436.1s gpu_busy=1.61s gpu_util=1.24% cores_busy=49.5
[rank 2] 10/12 recam1_0038 wall=130.04s cpu=6474.8s gpu_busy=1.07s gpu_util=0.82% cores_busy=49.8
[rank 2] 11/12 recam1_0042 wall=126.38s cpu=6273.4s gpu_busy=1.08s gpu_util=0.85% cores_busy=49.6
[rank 2] 12/12 recam1_0046 wall=130.69s cpu=6501.1s gpu_busy=1.05s gpu_util=0.8% cores_busy=49.7
[rank 2] DONE 12 videos in 1553.8s -> /prj/corp/airesearch/lasvegas/vol22-scratch/users/tanngo/PhD/ray_learning/speed_up_video_evaluation/results/movebench_unpinned/fork-unpinned_g4/shard_2.json
