[rank 3/4] 12/48 videos | threads=0 (quota=198) | torch=128 | cuda_devices=1 | policy=original
Using a slow image processor as `use_fast` is unset and a slow processor was saved with this model. `use_fast=True` will be the default behavior in v4.52, even if the model was saved with a slow processor. This will result in minor differences in outputs. You'll still be able to use a slow processor with `use_fast=False`.
/usr2/tanngo/vol11/miniconda3/envs/vipe-new/lib/python3.11/site-packages/torchvision/models/_utils.py:208: UserWarning: The parameter 'pretrained' is deprecated since 0.13 and may be removed in the future, please use 'weights' instead.
  warnings.warn(
/usr2/tanngo/vol11/miniconda3/envs/vipe-new/lib/python3.11/site-packages/torchvision/models/_utils.py:223: UserWarning: Arguments other than a weight enum or `None` for 'weights' are deprecated since 0.13 and may be removed in the future. The current behavior is equivalent to passing `weights=VGG16_Weights.IMAGENET1K_V1`. You can also use `weights=VGG16_Weights.DEFAULT` to get the most up-to-date weights.
  warnings.warn(msg)
[rank 3] models loaded in 11.4s
[rank 3] 1/12 recam1_0003 wall=132.93s cpu=6480.9s gpu_busy=1.1s gpu_util=0.83% cores_busy=48.8
[rank 3] 2/12 recam1_0007 wall=124.93s cpu=6147.9s gpu_busy=1.3s gpu_util=1.04% cores_busy=49.2
[rank 3] 3/12 recam1_0011 wall=134.50s cpu=6559.9s gpu_busy=0.93s gpu_util=0.69% cores_busy=48.8
[rank 3] 4/12 recam1_0015 wall=129.56s cpu=6370.4s gpu_busy=1.37s gpu_util=1.06% cores_busy=49.2
[rank 3] 5/12 recam1_0019 wall=134.44s cpu=6551.8s gpu_busy=0.91s gpu_util=0.67% cores_busy=48.7
[rank 3] 6/12 recam1_0023 wall=132.28s cpu=6516.8s gpu_busy=1.06s gpu_util=0.8% cores_busy=49.3
[rank 3] 7/12 recam1_0027 wall=129.92s cpu=6397.1s gpu_busy=1.08s gpu_util=0.83% cores_busy=49.2
[rank 3] 8/12 recam1_0031 wall=134.33s cpu=6611.7s gpu_busy=1.02s gpu_util=0.76% cores_busy=49.2
[rank 3] 9/12 recam1_0035 wall=131.70s cpu=6455.3s gpu_busy=1.08s gpu_util=0.82% cores_busy=49.0
[rank 3] 10/12 recam1_0039 wall=131.87s cpu=6469.8s gpu_busy=0.86s gpu_util=0.65% cores_busy=49.1
[rank 3] 11/12 recam1_0043 wall=130.13s cpu=6398.8s gpu_busy=1.02s gpu_util=0.78% cores_busy=49.2
[rank 3] 12/12 recam1_0047 wall=112.35s cpu=5612.2s gpu_busy=1.26s gpu_util=1.12% cores_busy=50.0
[rank 3] DONE 12 videos in 1559.0s -> /prj/corp/airesearch/lasvegas/vol22-scratch/users/tanngo/PhD/ray_learning/speed_up_video_evaluation/results/movebench_unpinned/fork-unpinned_g4/shard_3.json
