[rank 2/8] 1/8 videos | threads=0 (quota=198) | torch=128 | cuda_devices=1
[rank 2] pipeline built in 19.8s
2026-08-11 02:10:58,335 - vipe.slam.components.buffer - INFO - BA iters = 16, energy: 4.597231754567474 -> 3.876643694937229
2026-08-11 02:10:58,672 - vipe.slam.components.buffer - INFO - BA iters = 16, energy: 1.1479087751358747 -> 0.7886102237389423
2026-08-11 02:10:59,018 - vipe.slam.components.buffer - INFO - BA iters = 16, energy: 0.756643180095125 -> 0.6869283204323438
2026-08-11 02:10:59,447 - vipe.slam.components.buffer - INFO - BA iters = 16, energy: 0.9265552163124084 -> 0.726188799011652
2026-08-11 02:10:59,668 - vipe.slam.components.buffer - INFO - BA iters = 16, energy: 0.7542638383965823 -> 0.7524110612157529
2026-08-11 02:10:59,886 - vipe.slam.components.buffer - INFO - BA iters = 16, energy: 0.767672770880381 -> 0.767100975055655
2026-08-11 02:11:00,104 - vipe.slam.components.buffer - INFO - BA iters = 16, energy: 0.7653028221538989 -> 0.7650134953364613
2026-08-11 02:11:00,455 - vipe.slam.components.buffer - INFO - BA iters = 16, energy: 4.014975646357925 -> 3.8173767873086035
2026-08-11 02:11:00,791 - vipe.slam.components.buffer - INFO - BA iters = 16, energy: 1.1699515990912914 -> 0.8124296858150046
2026-08-11 02:11:01,136 - vipe.slam.components.buffer - INFO - BA iters = 16, energy: 0.7657821967732161 -> 0.6913654882846458
2026-08-11 02:11:01,471 - vipe.slam.components.buffer - INFO - BA iters = 16, energy: 0.7353651602643367 -> 0.7241413742958684
2026-08-11 02:11:01,803 - vipe.slam.components.buffer - INFO - BA iters = 16, energy: 0.7454121263599518 -> 0.7429757247900852
2026-08-11 02:11:02,136 - vipe.slam.components.buffer - INFO - BA iters = 16, energy: 0.753920210445358 -> 0.7534737202422548
2026-08-11 02:11:02,472 - vipe.slam.components.buffer - INFO - BA iters = 16, energy: 0.7523530337493867 -> 0.7520605984136637
2026-08-11 02:11:02,807 - vipe.slam.components.buffer - INFO - BA iters = 16, energy: 0.7515035333672131 -> 0.7513998602134961
2026-08-11 02:11:03,142 - vipe.slam.components.buffer - INFO - BA iters = 16, energy: 0.7452826354274293 -> 0.7452568926855747
2026-08-11 02:11:03,476 - vipe.slam.components.buffer - INFO - BA iters = 16, energy: 0.7411586561174772 -> 0.7411278270410548
2026-08-11 02:11:03,806 - vipe.slam.components.buffer - INFO - BA iters = 16, energy: 0.7356345437856362 -> 0.7356201950169634
2026-08-11 02:11:04,147 - vipe.slam.components.buffer - INFO - BA iters = 16, energy: 0.7320839110361703 -> 0.7320791621532408
2026-08-11 02:11:04,559 - vipe.slam.components.buffer - INFO - BA iters = 16, energy: 0.7276109048107173 -> 0.7272509615431773
2026-08-11 02:11:04,767 - vipe.slam.components.buffer - INFO - BA iters = 16, energy: 0.7242116611305391 -> 0.7242107724923699
2026-08-11 02:11:04,976 - vipe.slam.components.buffer - INFO - BA iters = 16, energy: 0.7202139234395872 -> 0.7202123826864408
2026-08-11 02:11:05,187 - vipe.slam.components.buffer - INFO - BA iters = 16, energy: 0.7173632806625392 -> 0.7173627505435434
2026-08-11 02:11:05,398 - vipe.slam.components.buffer - INFO - BA iters = 16, energy: 0.7138606200460345 -> 0.7138598997553345
2026-08-11 02:11:05,608 - vipe.slam.components.buffer - INFO - BA iters = 16, energy: 0.7115757304236467 -> 0.7115750986558851
2026-08-11 02:11:05,818 - vipe.slam.components.buffer - INFO - BA iters = 16, energy: 0.7085104662492085 -> 0.7085098265306442
2026-08-11 02:11:06,030 - vipe.slam.components.buffer - INFO - BA iters = 16, energy: 0.706266665347357 -> 0.7062660154733749
2026-08-11 02:11:06,240 - vipe.slam.components.buffer - INFO - BA iters = 16, energy: 0.7036999162774009 -> 0.7036992365065089
2026-08-11 02:11:06,451 - vipe.slam.components.buffer - INFO - BA iters = 16, energy: 0.7017639928726567 -> 0.7017633304858464
2026-08-11 02:11:06,660 - vipe.slam.components.buffer - INFO - BA iters = 16, energy: 0.6994472131882503 -> 0.6994465707794006
2026-08-11 02:11:06,868 - vipe.slam.components.buffer - INFO - BA iters = 16, energy: 0.697767686786392 -> 0.6977670222149754
2026-08-11 02:11:47,188 - vipe.pipeline.default - INFO - Saving artifacts to ArtifactPath(base_path=PosixPath('/prj/corp/airesearch/lasvegas/vol22-scratch/users/tanngo/PhD/ray_learning/speed_up_video_evaluation/results/vipe_prodcached_rep/fork-unpinned_g8_rep1/artifacts'), artifact_name='recam11')
2026-08-11 02:12:00,822 - vipe.pipeline.processors - INFO - Minimum UV score: 0.4500
[rank 2] 1/1 recam11 wall=183.68s cpu=4062.3s cache=9.05s gpu_util=7.07% cores_busy=22.1
[rank 2] DONE 1 videos in 184.7s -> /prj/corp/airesearch/lasvegas/vol22-scratch/users/tanngo/PhD/ray_learning/speed_up_video_evaluation/results/vipe_prodcached_rep/fork-unpinned_g8_rep1/shard_2.json
