[rank 1/2] 4/8 videos | threads=99 (quota=198) | torch=99 | cuda_devices=1
[rank 1] pipeline built in 9.1s
2026-08-09 22:00:04,112 - vipe.slam.components.buffer - INFO - BA iters = 16, energy: 4.498773495666683 -> 3.8654114715754986
2026-08-09 22:00:04,436 - vipe.slam.components.buffer - INFO - BA iters = 16, energy: 1.140936623327434 -> 0.7888348606065847
2026-08-09 22:00:04,757 - vipe.slam.components.buffer - INFO - BA iters = 16, energy: 0.7596695330867078 -> 0.6882522195173806
2026-08-09 22:00:05,161 - vipe.slam.components.buffer - INFO - BA iters = 16, energy: 0.8974111080169678 -> 0.7252674766823475
2026-08-09 22:00:05,366 - vipe.slam.components.buffer - INFO - BA iters = 16, energy: 0.7531150051418081 -> 0.7512497675834311
2026-08-09 22:00:05,570 - vipe.slam.components.buffer - INFO - BA iters = 16, energy: 0.7664323819244601 -> 0.7658759230162104
2026-08-09 22:00:05,774 - vipe.slam.components.buffer - INFO - BA iters = 16, energy: 0.7642360800346069 -> 0.7639479072713584
2026-08-09 22:00:06,109 - vipe.slam.components.buffer - INFO - BA iters = 16, energy: 4.0155783327227255 -> 3.8171746749430895
2026-08-09 22:00:06,433 - vipe.slam.components.buffer - INFO - BA iters = 16, energy: 1.1704961596988142 -> 0.8125179244671017
2026-08-09 22:00:06,756 - vipe.slam.components.buffer - INFO - BA iters = 16, energy: 0.7656665278482251 -> 0.6912968182004988
2026-08-09 22:00:07,076 - vipe.slam.components.buffer - INFO - BA iters = 16, energy: 0.7353386306349421 -> 0.7241208727919002
2026-08-09 22:00:07,397 - vipe.slam.components.buffer - INFO - BA iters = 16, energy: 0.745419638862586 -> 0.7429801145881356
2026-08-09 22:00:07,720 - vipe.slam.components.buffer - INFO - BA iters = 16, energy: 0.7539318720264419 -> 0.7534851161235565
2026-08-09 22:00:08,041 - vipe.slam.components.buffer - INFO - BA iters = 16, energy: 0.7523591248227604 -> 0.7520667861117545
2026-08-09 22:00:08,363 - vipe.slam.components.buffer - INFO - BA iters = 16, energy: 0.7515283177690435 -> 0.7514244213962229
2026-08-09 22:00:08,686 - vipe.slam.components.buffer - INFO - BA iters = 16, energy: 0.7453124419243977 -> 0.7452865261129773
2026-08-09 22:00:09,006 - vipe.slam.components.buffer - INFO - BA iters = 16, energy: 0.7411915678185323 -> 0.7411607186932088
2026-08-09 22:00:09,328 - vipe.slam.components.buffer - INFO - BA iters = 16, energy: 0.7356620114642283 -> 0.7356474239823001
2026-08-09 22:00:09,650 - vipe.slam.components.buffer - INFO - BA iters = 16, energy: 0.7321185906093888 -> 0.7321144483121316
2026-08-09 22:00:10,061 - vipe.slam.components.buffer - INFO - BA iters = 16, energy: 0.7276671812287532 -> 0.7272681205377012
2026-08-09 22:00:10,268 - vipe.slam.components.buffer - INFO - BA iters = 16, energy: 0.7242379396375327 -> 0.7242370006279089
2026-08-09 22:00:10,471 - vipe.slam.components.buffer - INFO - BA iters = 16, energy: 0.7202327009617875 -> 0.7202312786157563
2026-08-09 22:00:10,695 - vipe.slam.components.buffer - INFO - BA iters = 16, energy: 0.7173913556380285 -> 0.7173905306699453
2026-08-09 22:00:10,902 - vipe.slam.components.buffer - INFO - BA iters = 16, energy: 0.7138769560788205 -> 0.7138762303147814
2026-08-09 22:00:11,105 - vipe.slam.components.buffer - INFO - BA iters = 16, energy: 0.7115895577098854 -> 0.7115892166366393
2026-08-09 22:00:11,314 - vipe.slam.components.buffer - INFO - BA iters = 16, energy: 0.7085293525851739 -> 0.7085286627134337
2026-08-09 22:00:11,519 - vipe.slam.components.buffer - INFO - BA iters = 16, energy: 0.7062893757611164 -> 0.7062884888109693
2026-08-09 22:00:11,723 - vipe.slam.components.buffer - INFO - BA iters = 16, energy: 0.703717621288888 -> 0.7037170007570239
2026-08-09 22:00:11,927 - vipe.slam.components.buffer - INFO - BA iters = 16, energy: 0.701773412492912 -> 0.7017726221201883
2026-08-09 22:00:12,136 - vipe.slam.components.buffer - INFO - BA iters = 16, energy: 0.6994716444096412 -> 0.6994710056369513
2026-08-09 22:00:12,341 - vipe.slam.components.buffer - INFO - BA iters = 16, energy: 0.6977823464403627 -> 0.6977817441838852
2026-08-09 22:00:20,134 - vipe.pipeline.default - INFO - Saving artifacts to ArtifactPath(base_path=PosixPath('/prj/corp/airesearch/lasvegas/vol22-scratch/users/tanngo/PhD/ray_learning/speed_up_video_evaluation/results/vipe_main/fork_g2/artifacts'), artifact_name='recam10')
2026-08-09 22:00:25,256 - vipe.pipeline.processors - INFO - Minimum UV score: 0.4500
[rank 1] 1/4 recam10 wall=54.05s cpu=540.2s gpu_util=23.18% cores_busy=10.0
2026-08-09 22:00:56,006 - vipe.slam.components.buffer - INFO - BA iters = 16, energy: 8.1266836412251 -> 6.146246373653412
2026-08-09 22:00:56,343 - vipe.slam.components.buffer - INFO - BA iters = 16, energy: 2.048365831375122 -> 0.9939748710021377
2026-08-09 22:00:56,678 - vipe.slam.components.buffer - INFO - BA iters = 16, energy: 0.7228996632620692 -> 0.6536093333270401
2026-08-09 22:00:57,118 - vipe.slam.components.buffer - INFO - BA iters = 16, energy: 0.8685717582702637 -> 0.6863721216941485
2026-08-09 22:00:57,334 - vipe.slam.components.buffer - INFO - BA iters = 16, energy: 0.6888969152932987 -> 0.6871170246304246
2026-08-09 22:00:57,551 - vipe.slam.components.buffer - INFO - BA iters = 16, energy: 0.6975722754141316 -> 0.6971294097020291
2026-08-09 22:00:57,768 - vipe.slam.components.buffer - INFO - BA iters = 16, energy: 0.6886362245568307 -> 0.6884690208535176
2026-08-09 22:00:58,116 - vipe.slam.components.buffer - INFO - BA iters = 16, energy: 5.994133798594703 -> 5.163703620433807
2026-08-09 22:00:58,450 - vipe.slam.components.buffer - INFO - BA iters = 16, energy: 2.043325275182724 -> 0.9416561144171283
2026-08-09 22:00:58,782 - vipe.slam.components.buffer - INFO - BA iters = 16, energy: 0.700528129003942 -> 0.6301933068170911
2026-08-09 22:00:59,114 - vipe.slam.components.buffer - INFO - BA iters = 16, energy: 0.689671529646148 -> 0.6785305813682498
2026-08-09 22:00:59,446 - vipe.slam.components.buffer - INFO - BA iters = 16, energy: 0.6828516798850615 -> 0.6805649028538028
2026-08-09 22:00:59,778 - vipe.slam.components.buffer - INFO - BA iters = 16, energy: 0.6889568194601452 -> 0.6884338366071461
2026-08-09 22:01:00,111 - vipe.slam.components.buffer - INFO - BA iters = 16, energy: 0.6808745382004417 -> 0.6807280187786091
2026-08-09 22:01:00,447 - vipe.slam.components.buffer - INFO - BA iters = 16, energy: 0.6720098259975202 -> 0.6719365816534264
2026-08-09 22:01:00,779 - vipe.slam.components.buffer - INFO - BA iters = 16, energy: 0.659077237432939 -> 0.6590628825651947
2026-08-09 22:01:01,112 - vipe.slam.components.buffer - INFO - BA iters = 16, energy: 0.6483530605473788 -> 0.6483439491712488
2026-08-09 22:01:01,448 - vipe.slam.components.buffer - INFO - BA iters = 16, energy: 0.6378524587344145 -> 0.6378474464218016
2026-08-09 22:01:01,781 - vipe.slam.components.buffer - INFO - BA iters = 16, energy: 0.6286819209999521 -> 0.628679253590235
2026-08-09 22:01:02,226 - vipe.slam.components.buffer - INFO - BA iters = 16, energy: 0.6206511252385098 -> 0.6206314911396476
2026-08-09 22:01:02,441 - vipe.slam.components.buffer - INFO - BA iters = 16, energy: 0.6135727512591984 -> 0.6135717642464442
2026-08-09 22:01:02,657 - vipe.slam.components.buffer - INFO - BA iters = 16, energy: 0.6071589602652239 -> 0.6071577283437364
2026-08-09 22:01:02,875 - vipe.slam.components.buffer - INFO - BA iters = 16, energy: 0.6013196916901506 -> 0.60131936633843
2026-08-09 22:01:03,091 - vipe.slam.components.buffer - INFO - BA iters = 16, energy: 0.5958778197818901 -> 0.5958770552679198
2026-08-09 22:01:03,307 - vipe.slam.components.buffer - INFO - BA iters = 16, energy: 0.5908715167606715 -> 0.5908715217374265
2026-08-09 22:01:03,525 - vipe.slam.components.buffer - INFO - BA iters = 16, energy: 0.5863593309550197 -> 0.5863587259591441
2026-08-09 22:01:03,742 - vipe.slam.components.buffer - INFO - BA iters = 16, energy: 0.5821341871342156 -> 0.5821339188842103
2026-08-09 22:01:03,958 - vipe.slam.components.buffer - INFO - BA iters = 16, energy: 0.5781213342488627 -> 0.5781210356217343
2026-08-09 22:01:04,174 - vipe.slam.components.buffer - INFO - BA iters = 16, energy: 0.5743863278185017 -> 0.5743859535214142
2026-08-09 22:01:04,392 - vipe.slam.components.buffer - INFO - BA iters = 16, energy: 0.5709481960657286 -> 0.5709478672943078
2026-08-09 22:01:04,610 - vipe.slam.components.buffer - INFO - BA iters = 16, energy: 0.5675753172981786 -> 0.5675752408569679
2026-08-09 22:01:12,374 - vipe.pipeline.default - INFO - Saving artifacts to ArtifactPath(base_path=PosixPath('/prj/corp/airesearch/lasvegas/vol22-scratch/users/tanngo/PhD/ray_learning/speed_up_video_evaluation/results/vipe_main/fork_g2/artifacts'), artifact_name='recam12')
2026-08-09 22:01:18,116 - vipe.pipeline.processors - INFO - Minimum UV score: 0.2200
[rank 1] 2/4 recam12 wall=51.29s cpu=505.5s gpu_util=24.66% cores_busy=9.9
2026-08-09 22:01:47,119 - vipe.slam.components.buffer - INFO - BA iters = 16, energy: 9.647916331887245 -> 5.738972246646881
2026-08-09 22:01:47,467 - vipe.slam.components.buffer - INFO - BA iters = 16, energy: 1.727448046207428 -> 0.9854108989238739
2026-08-09 22:01:47,816 - vipe.slam.components.buffer - INFO - BA iters = 16, energy: 1.0127710700035095 -> 0.8510278463363647
2026-08-09 22:01:48,267 - vipe.slam.components.buffer - INFO - BA iters = 16, energy: 1.415466845035553 -> 0.8831219524145126
2026-08-09 22:01:48,491 - vipe.slam.components.buffer - INFO - BA iters = 16, energy: 0.9301459342241287 -> 0.8789659440517426
2026-08-09 22:01:48,716 - vipe.slam.components.buffer - INFO - BA iters = 16, energy: 0.8927382528781891 -> 0.8596192002296448
2026-08-09 22:01:48,947 - vipe.slam.components.buffer - INFO - BA iters = 16, energy: 0.8715354204177856 -> 0.8475165367126465
2026-08-09 22:01:49,312 - vipe.slam.components.buffer - INFO - BA iters = 16, energy: 7.678282916545868 -> 5.825743615627289
2026-08-09 22:01:49,655 - vipe.slam.components.buffer - INFO - BA iters = 16, energy: 1.6958735883235931 -> 0.9615931510925293
2026-08-09 22:01:50,000 - vipe.slam.components.buffer - INFO - BA iters = 16, energy: 1.0238267481327057 -> 0.8561426401138306
2026-08-09 22:01:50,341 - vipe.slam.components.buffer - INFO - BA iters = 16, energy: 0.9390410482883453 -> 0.8552582561969757
2026-08-09 22:01:50,690 - vipe.slam.components.buffer - INFO - BA iters = 16, energy: 0.9025379717350006 -> 0.8534870743751526
2026-08-09 22:01:51,039 - vipe.slam.components.buffer - INFO - BA iters = 16, energy: 0.867864191532135 -> 0.8389585763216019
2026-08-09 22:01:51,384 - vipe.slam.components.buffer - INFO - BA iters = 16, energy: 0.8509814739227295 -> 0.831453263759613
2026-08-09 22:01:51,727 - vipe.slam.components.buffer - INFO - BA iters = 16, energy: 0.8333534598350525 -> 0.8182025849819183
2026-08-09 22:01:52,066 - vipe.slam.components.buffer - INFO - BA iters = 16, energy: 0.8167277872562408 -> 0.8034280985593796
2026-08-09 22:01:52,401 - vipe.slam.components.buffer - INFO - BA iters = 16, energy: 0.8062319606542587 -> 0.793059766292572
2026-08-09 22:01:52,737 - vipe.slam.components.buffer - INFO - BA iters = 16, energy: 0.7929886281490326 -> 0.7817676365375519
2026-08-09 22:01:53,071 - vipe.slam.components.buffer - INFO - BA iters = 16, energy: 0.7831881195306778 -> 0.7731196284294128
2026-08-09 22:01:53,514 - vipe.slam.components.buffer - INFO - BA iters = 16, energy: 0.774339497089386 -> 0.7645028382539749
2026-08-09 22:01:53,734 - vipe.slam.components.buffer - INFO - BA iters = 16, energy: 0.7694441080093384 -> 0.7595294415950775
2026-08-09 22:01:53,952 - vipe.slam.components.buffer - INFO - BA iters = 16, energy: 0.7622024118900299 -> 0.7521016597747803
2026-08-09 22:01:54,169 - vipe.slam.components.buffer - INFO - BA iters = 16, energy: 0.7582294344902039 -> 0.748011440038681
2026-08-09 22:01:54,387 - vipe.slam.components.buffer - INFO - BA iters = 16, energy: 0.7523361966013908 -> 0.7418350577354431
2026-08-09 22:01:54,605 - vipe.slam.components.buffer - INFO - BA iters = 16, energy: 0.7499929592013359 -> 0.7391866371035576
2026-08-09 22:01:54,823 - vipe.slam.components.buffer - INFO - BA iters = 16, energy: 0.7448774129152298 -> 0.7335363700985909
2026-08-09 22:01:55,040 - vipe.slam.components.buffer - INFO - BA iters = 16, energy: 0.7431654632091522 -> 0.7319483757019043
2026-08-09 22:01:55,262 - vipe.slam.components.buffer - INFO - BA iters = 16, energy: 0.739177405834198 -> 0.7278938591480255
2026-08-09 22:01:55,485 - vipe.slam.components.buffer - INFO - BA iters = 16, energy: 0.7378422319889069 -> 0.7262501940131187
2026-08-09 22:01:55,708 - vipe.slam.components.buffer - INFO - BA iters = 16, energy: 0.7347671911120415 -> 0.7227786406874657
2026-08-09 22:01:55,941 - vipe.slam.components.buffer - INFO - BA iters = 16, energy: 0.7338858991861343 -> 0.7216225564479828
2026-08-09 22:02:04,849 - vipe.pipeline.default - INFO - Saving artifacts to ArtifactPath(base_path=PosixPath('/prj/corp/airesearch/lasvegas/vol22-scratch/users/tanngo/PhD/ray_learning/speed_up_video_evaluation/results/vipe_main/fork_g2/artifacts'), artifact_name='recam3')
2026-08-09 22:02:11,025 - vipe.pipeline.processors - INFO - Minimum UV score: 0.3100
[rank 1] 3/4 recam3 wall=54.32s cpu=585.8s gpu_util=23.76% cores_busy=10.8
2026-08-09 22:02:45,213 - vipe.slam.components.buffer - INFO - BA iters = 16, energy: 9.241212639957666 -> 6.846518695354462
2026-08-09 22:02:45,555 - vipe.slam.components.buffer - INFO - BA iters = 16, energy: 2.3056910037994385 -> 1.1598716583102942
2026-08-09 22:02:45,898 - vipe.slam.components.buffer - INFO - BA iters = 16, energy: 0.8160953458864242 -> 0.6992956968897488
2026-08-09 22:02:46,348 - vipe.slam.components.buffer - INFO - BA iters = 16, energy: 0.8770416378974915 -> 0.6954391034378204
2026-08-09 22:02:46,573 - vipe.slam.components.buffer - INFO - BA iters = 16, energy: 0.699470165578532 -> 0.6974836779991165
2026-08-09 22:02:46,797 - vipe.slam.components.buffer - INFO - BA iters = 16, energy: 0.7136241390544455 -> 0.7127055547462078
2026-08-09 22:02:47,021 - vipe.slam.components.buffer - INFO - BA iters = 16, energy: 0.7068431993538979 -> 0.7066374861169606
2026-08-09 22:02:47,377 - vipe.slam.components.buffer - INFO - BA iters = 16, energy: 6.014181002217811 -> 5.170399725437164
2026-08-09 22:02:47,719 - vipe.slam.components.buffer - INFO - BA iters = 16, energy: 2.048985779285431 -> 0.9435440474189818
2026-08-09 22:02:48,061 - vipe.slam.components.buffer - INFO - BA iters = 16, energy: 0.7005874153692275 -> 0.63025683775777
2026-08-09 22:02:48,402 - vipe.slam.components.buffer - INFO - BA iters = 16, energy: 0.6899308621068485 -> 0.67874614156608
2026-08-09 22:02:48,743 - vipe.slam.components.buffer - INFO - BA iters = 16, energy: 0.6831144467141712 -> 0.6808027978113387
2026-08-09 22:02:49,085 - vipe.slam.components.buffer - INFO - BA iters = 16, energy: 0.68926832661964 -> 0.688747396619874
2026-08-09 22:02:49,428 - vipe.slam.components.buffer - INFO - BA iters = 16, energy: 0.6811659244995099 -> 0.6810174698766787
2026-08-09 22:02:49,769 - vipe.slam.components.buffer - INFO - BA iters = 16, energy: 0.6722631564480253 -> 0.6721905120284646
2026-08-09 22:02:50,110 - vipe.slam.components.buffer - INFO - BA iters = 16, energy: 0.6593899373547174 -> 0.6593762523407349
2026-08-09 22:02:50,451 - vipe.slam.components.buffer - INFO - BA iters = 16, energy: 0.6486376413085964 -> 0.6486281901889015
2026-08-09 22:02:50,793 - vipe.slam.components.buffer - INFO - BA iters = 16, energy: 0.6381191760156071 -> 0.6381144077386125
2026-08-09 22:02:51,134 - vipe.slam.components.buffer - INFO - BA iters = 16, energy: 0.6289578824798809 -> 0.6289552590897074
2026-08-09 22:02:51,582 - vipe.slam.components.buffer - INFO - BA iters = 16, energy: 0.6209788143460173 -> 0.6209392489909078
2026-08-09 22:02:51,804 - vipe.slam.components.buffer - INFO - BA iters = 16, energy: 0.6138468924327753 -> 0.6138459057765431
2026-08-09 22:02:52,026 - vipe.slam.components.buffer - INFO - BA iters = 16, energy: 0.6074415059847524 -> 0.607440578227397
2026-08-09 22:02:52,249 - vipe.slam.components.buffer - INFO - BA iters = 16, energy: 0.6016174428150407 -> 0.601616823063523
2026-08-09 22:02:52,471 - vipe.slam.components.buffer - INFO - BA iters = 16, energy: 0.5961885088763665 -> 0.5961878854141105
2026-08-09 22:02:52,693 - vipe.slam.components.buffer - INFO - BA iters = 16, energy: 0.5911233979495591 -> 0.5911231165664503
2026-08-09 22:02:52,916 - vipe.slam.components.buffer - INFO - BA iters = 16, energy: 0.5866084224544466 -> 0.5866080468113068
2026-08-09 22:02:53,138 - vipe.slam.components.buffer - INFO - BA iters = 16, energy: 0.5823744479130255 -> 0.5823739770348766
2026-08-09 22:02:53,361 - vipe.slam.components.buffer - INFO - BA iters = 16, energy: 0.5783457760699093 -> 0.5783457697980339
2026-08-09 22:02:53,583 - vipe.slam.components.buffer - INFO - BA iters = 16, energy: 0.5746104063582607 -> 0.5746097434457624
2026-08-09 22:02:53,811 - vipe.slam.components.buffer - INFO - BA iters = 16, energy: 0.5711635220650351 -> 0.5711635117913829
2026-08-09 22:02:54,036 - vipe.slam.components.buffer - INFO - BA iters = 16, energy: 0.567776656775095 -> 0.5677763413405046
2026-08-09 22:03:02,073 - vipe.pipeline.default - INFO - Saving artifacts to ArtifactPath(base_path=PosixPath('/prj/corp/airesearch/lasvegas/vol22-scratch/users/tanngo/PhD/ray_learning/speed_up_video_evaluation/results/vipe_main/fork_g2/artifacts'), artifact_name='recam5')
2026-08-09 22:03:06,705 - vipe.pipeline.processors - INFO - Minimum UV score: 0.2200
[rank 1] 4/4 recam5 wall=54.66s cpu=509.9s gpu_util=23.52% cores_busy=9.3
[rank 1] DONE 4 videos in 214.7s -> /prj/corp/airesearch/lasvegas/vol22-scratch/users/tanngo/PhD/ray_learning/speed_up_video_evaluation/results/vipe_main/fork_g2/shard_1.json
