[rank 0/4] 2/8 videos | threads=0 (quota=198) | torch=128 | cuda_devices=1
[rank 0] pipeline built in 12.2s
2026-08-11 00:55:20,238 - vipe.slam.components.buffer - INFO - BA iters = 16, energy: 9.274070840328932 -> 6.857193946838379
2026-08-11 00:55:20,592 - vipe.slam.components.buffer - INFO - BA iters = 16, energy: 2.3055988550186157 -> 1.1611073862295598
2026-08-11 00:55:20,945 - vipe.slam.components.buffer - INFO - BA iters = 16, energy: 0.8172255055978894 -> 0.7000623525382252
2026-08-11 00:55:21,407 - vipe.slam.components.buffer - INFO - BA iters = 16, energy: 0.8806367516517639 -> 0.6959217594849179
2026-08-11 00:55:21,633 - vipe.slam.components.buffer - INFO - BA iters = 16, energy: 0.6996621296420926 -> 0.6976851759245619
2026-08-11 00:55:21,856 - vipe.slam.components.buffer - INFO - BA iters = 16, energy: 0.713785165338777 -> 0.7128637611313025
2026-08-11 00:55:22,094 - vipe.slam.components.buffer - INFO - BA iters = 16, energy: 0.7070478976384038 -> 0.7068420830764808
2026-08-11 00:55:22,470 - vipe.slam.components.buffer - INFO - BA iters = 16, energy: 6.014796930976445 -> 5.170578181743622
2026-08-11 00:55:22,838 - vipe.slam.components.buffer - INFO - BA iters = 16, energy: 2.04929581284523 -> 0.9435798391932622
2026-08-11 00:55:23,186 - vipe.slam.components.buffer - INFO - BA iters = 16, energy: 0.7005606818711385 -> 0.6301963791775052
2026-08-11 00:55:23,545 - vipe.slam.components.buffer - INFO - BA iters = 16, energy: 0.689887152868323 -> 0.6787042192590889
2026-08-11 00:55:23,899 - vipe.slam.components.buffer - INFO - BA iters = 16, energy: 0.6831329635751899 -> 0.6808230214664945
2026-08-11 00:55:24,247 - vipe.slam.components.buffer - INFO - BA iters = 16, energy: 0.6892433703469578 -> 0.6887233819434186
2026-08-11 00:55:24,598 - vipe.slam.components.buffer - INFO - BA iters = 16, energy: 0.68115800304804 -> 0.6810093882086221
2026-08-11 00:55:24,947 - vipe.slam.components.buffer - INFO - BA iters = 16, energy: 0.6722625857510138 -> 0.6721895917144138
2026-08-11 00:55:25,291 - vipe.slam.components.buffer - INFO - BA iters = 16, energy: 0.6594006400191574 -> 0.6593866131588584
2026-08-11 00:55:25,630 - vipe.slam.components.buffer - INFO - BA iters = 16, energy: 0.6486454983532894 -> 0.6486363204676309
2026-08-11 00:55:25,983 - vipe.slam.components.buffer - INFO - BA iters = 16, energy: 0.638129512197338 -> 0.6381246393866604
2026-08-11 00:55:26,326 - vipe.slam.components.buffer - INFO - BA iters = 16, energy: 0.6289652533159824 -> 0.6289625440185773
2026-08-11 00:55:26,780 - vipe.slam.components.buffer - INFO - BA iters = 16, energy: 0.6209719724720344 -> 0.6209292466810439
2026-08-11 00:55:26,999 - vipe.slam.components.buffer - INFO - BA iters = 16, energy: 0.6138778980239294 -> 0.6138769301323919
2026-08-11 00:55:27,217 - vipe.slam.components.buffer - INFO - BA iters = 16, energy: 0.6074499997484963 -> 0.6074492541665677
2026-08-11 00:55:27,434 - vipe.slam.components.buffer - INFO - BA iters = 16, energy: 0.6016284433644614 -> 0.601627920732426
2026-08-11 00:55:27,654 - vipe.slam.components.buffer - INFO - BA iters = 16, energy: 0.5961749299895018 -> 0.5961744676606031
2026-08-11 00:55:27,872 - vipe.slam.components.buffer - INFO - BA iters = 16, energy: 0.591119159333175 -> 0.5911186097364407
2026-08-11 00:55:28,093 - vipe.slam.components.buffer - INFO - BA iters = 16, energy: 0.5866078496183036 -> 0.586607510864269
2026-08-11 00:55:28,311 - vipe.slam.components.buffer - INFO - BA iters = 16, energy: 0.5823837469506543 -> 0.582383327287971
2026-08-11 00:55:28,530 - vipe.slam.components.buffer - INFO - BA iters = 16, energy: 0.5783667490177322 -> 0.5783666148854536
2026-08-11 00:55:28,749 - vipe.slam.components.buffer - INFO - BA iters = 16, energy: 0.5746240987646161 -> 0.5746234635807923
2026-08-11 00:55:28,965 - vipe.slam.components.buffer - INFO - BA iters = 16, energy: 0.5711752752613393 -> 0.5711753417563159
2026-08-11 00:55:29,182 - vipe.slam.components.buffer - INFO - BA iters = 16, energy: 0.5678108385036467 -> 0.5678104937105672
2026-08-11 00:55:51,435 - vipe.pipeline.default - INFO - Saving artifacts to ArtifactPath(base_path=PosixPath('/prj/corp/airesearch/lasvegas/vol22-scratch/users/tanngo/PhD/ray_learning/speed_up_video_evaluation/results/vipe_prodcached/fork-unpinned_g4/artifacts'), artifact_name='recam1')
2026-08-11 00:55:57,220 - vipe.pipeline.processors - INFO - Minimum UV score: 0.2200
[rank 0] 1/2 recam1 wall=89.77s cpu=2005.7s cache=3.97s gpu_util=14.5% cores_busy=22.3
2026-08-11 00:56:37,289 - vipe.slam.components.buffer - INFO - BA iters = 16, energy: 4.545505385380238 -> 3.870779924094677
2026-08-11 00:56:37,624 - vipe.slam.components.buffer - INFO - BA iters = 16, energy: 1.1442789770662785 -> 0.7887012652645353
2026-08-11 00:56:37,952 - vipe.slam.components.buffer - INFO - BA iters = 16, energy: 0.758146374457283 -> 0.6875797688771854
2026-08-11 00:56:38,368 - vipe.slam.components.buffer - INFO - BA iters = 16, energy: 0.9110523015260696 -> 0.7256734001148288
2026-08-11 00:56:38,577 - vipe.slam.components.buffer - INFO - BA iters = 16, energy: 0.7536213623789081 -> 0.7517677882788121
2026-08-11 00:56:38,789 - vipe.slam.components.buffer - INFO - BA iters = 16, energy: 0.7670164445444243 -> 0.7664560513876495
2026-08-11 00:56:38,999 - vipe.slam.components.buffer - INFO - BA iters = 16, energy: 0.764734430847966 -> 0.7644463253927825
2026-08-11 00:56:39,345 - vipe.slam.components.buffer - INFO - BA iters = 16, energy: 4.015312976895075 -> 3.8173171915113926
2026-08-11 00:56:39,672 - vipe.slam.components.buffer - INFO - BA iters = 16, energy: 1.170201841276139 -> 0.8124665949435439
2026-08-11 00:56:39,999 - vipe.slam.components.buffer - INFO - BA iters = 16, energy: 0.7657309505157173 -> 0.691338419164822
2026-08-11 00:56:40,326 - vipe.slam.components.buffer - INFO - BA iters = 16, energy: 0.7353652111705742 -> 0.7241431684142299
2026-08-11 00:56:40,652 - vipe.slam.components.buffer - INFO - BA iters = 16, energy: 0.7454127280798275 -> 0.7429748222893977
2026-08-11 00:56:40,976 - vipe.slam.components.buffer - INFO - BA iters = 16, energy: 0.7539348051868728 -> 0.7534874946413765
2026-08-11 00:56:41,304 - vipe.slam.components.buffer - INFO - BA iters = 16, energy: 0.752361264971114 -> 0.7520690484161605
2026-08-11 00:56:41,631 - vipe.slam.components.buffer - INFO - BA iters = 16, energy: 0.7515117449984245 -> 0.7514078565491218
2026-08-11 00:56:41,956 - vipe.slam.components.buffer - INFO - BA iters = 16, energy: 0.7452987976248551 -> 0.7452729357646604
2026-08-11 00:56:42,283 - vipe.slam.components.buffer - INFO - BA iters = 16, energy: 0.7411742819313076 -> 0.7411436712282011
2026-08-11 00:56:42,614 - vipe.slam.components.buffer - INFO - BA iters = 16, energy: 0.7356431758998951 -> 0.7356285964160634
2026-08-11 00:56:42,939 - vipe.slam.components.buffer - INFO - BA iters = 16, energy: 0.7321039950093109 -> 0.7320995516893163
2026-08-11 00:56:43,345 - vipe.slam.components.buffer - INFO - BA iters = 16, energy: 0.7276335708156694 -> 0.7272534606017871
2026-08-11 00:56:43,552 - vipe.slam.components.buffer - INFO - BA iters = 16, energy: 0.7242204186586605 -> 0.724219359435665
2026-08-11 00:56:43,764 - vipe.slam.components.buffer - INFO - BA iters = 16, energy: 0.7202158346481156 -> 0.7202145899354946
2026-08-11 00:56:43,972 - vipe.slam.components.buffer - INFO - BA iters = 16, energy: 0.7173775280716654 -> 0.7173765770676255
2026-08-11 00:56:44,188 - vipe.slam.components.buffer - INFO - BA iters = 16, energy: 0.71387218160271 -> 0.7138715786786634
2026-08-11 00:56:44,398 - vipe.slam.components.buffer - INFO - BA iters = 16, energy: 0.7115780515377992 -> 0.7115775424517778
2026-08-11 00:56:44,604 - vipe.slam.components.buffer - INFO - BA iters = 16, energy: 0.7085146981844446 -> 0.7085141189545539
2026-08-11 00:56:44,812 - vipe.slam.components.buffer - INFO - BA iters = 16, energy: 0.7062769182230113 -> 0.7062763325993728
2026-08-11 00:56:45,021 - vipe.slam.components.buffer - INFO - BA iters = 16, energy: 0.7036984316782764 -> 0.7036978629912483
2026-08-11 00:56:45,229 - vipe.slam.components.buffer - INFO - BA iters = 16, energy: 0.70177054679516 -> 0.7017698796134937
2026-08-11 00:56:45,441 - vipe.slam.components.buffer - INFO - BA iters = 16, energy: 0.6994613917340757 -> 0.6994605143845547
2026-08-11 00:56:45,651 - vipe.slam.components.buffer - INFO - BA iters = 16, energy: 0.6977740604997962 -> 0.6977733981457277
2026-08-11 00:57:01,198 - vipe.pipeline.default - INFO - Saving artifacts to ArtifactPath(base_path=PosixPath('/prj/corp/airesearch/lasvegas/vol22-scratch/users/tanngo/PhD/ray_learning/speed_up_video_evaluation/results/vipe_prodcached/fork-unpinned_g4/artifacts'), artifact_name='recam2')
2026-08-11 00:57:07,274 - vipe.pipeline.processors - INFO - Minimum UV score: 0.4500
[rank 0] 2/2 recam2 wall=71.12s cpu=1533.6s cache=2.68s gpu_util=17.25% cores_busy=21.6
[rank 0] DONE 2 videos in 161.5s -> /prj/corp/airesearch/lasvegas/vol22-scratch/users/tanngo/PhD/ray_learning/speed_up_video_evaluation/results/vipe_prodcached/fork-unpinned_g4/shard_0.json
