[rank 2/8] 1/8 videos | threads=0 (quota=198) | torch=128 | cuda_devices=1
[rank 2] pipeline built in 18.8s
2026-08-11 02:34:06,249 - vipe.slam.components.buffer - INFO - BA iters = 16, energy: 4.389142785454169 -> 3.8547825776040554
2026-08-11 02:34:06,593 - vipe.slam.components.buffer - INFO - BA iters = 16, energy: 1.133597136940807 -> 0.7890691357606556
2026-08-11 02:34:06,926 - vipe.slam.components.buffer - INFO - BA iters = 16, energy: 0.7637145718326792 -> 0.6900081792337005
2026-08-11 02:34:07,338 - vipe.slam.components.buffer - INFO - BA iters = 16, energy: 0.8650882840156555 -> 0.7241336749320908
2026-08-11 02:34:07,547 - vipe.slam.components.buffer - INFO - BA iters = 16, energy: 0.751754705723215 -> 0.7498629646252084
2026-08-11 02:34:07,757 - vipe.slam.components.buffer - INFO - BA iters = 16, energy: 0.7649269657013065 -> 0.7643963578611874
2026-08-11 02:34:07,973 - vipe.slam.components.buffer - INFO - BA iters = 16, energy: 0.7629598858929967 -> 0.7626793351228116
2026-08-11 02:34:08,331 - vipe.slam.components.buffer - INFO - BA iters = 16, energy: 4.0163895454170415 -> 3.8169608949683607
2026-08-11 02:34:08,652 - vipe.slam.components.buffer - INFO - BA iters = 16, energy: 1.1712748846039176 -> 0.8126498541678302
2026-08-11 02:34:08,975 - vipe.slam.components.buffer - INFO - BA iters = 16, energy: 0.765566893358482 -> 0.6912094652361702
2026-08-11 02:34:09,297 - vipe.slam.components.buffer - INFO - BA iters = 16, energy: 0.7353344858674973 -> 0.7241065763028018
2026-08-11 02:34:09,618 - vipe.slam.components.buffer - INFO - BA iters = 16, energy: 0.7454192303521268 -> 0.7429695446517144
2026-08-11 02:34:09,936 - vipe.slam.components.buffer - INFO - BA iters = 16, energy: 0.7539337594462268 -> 0.7534834061843867
2026-08-11 02:34:10,256 - vipe.slam.components.buffer - INFO - BA iters = 16, energy: 0.7523864423747 -> 0.7520922926069034
2026-08-11 02:34:10,574 - vipe.slam.components.buffer - INFO - BA iters = 16, energy: 0.7515523936981481 -> 0.7514478980847343
2026-08-11 02:34:10,894 - vipe.slam.components.buffer - INFO - BA iters = 16, energy: 0.7453271567064803 -> 0.7453009960445343
2026-08-11 02:34:11,214 - vipe.slam.components.buffer - INFO - BA iters = 16, energy: 0.7412135478989512 -> 0.7411831289336988
2026-08-11 02:34:11,533 - vipe.slam.components.buffer - INFO - BA iters = 16, energy: 0.7356760769907851 -> 0.7356613182946603
2026-08-11 02:34:11,853 - vipe.slam.components.buffer - INFO - BA iters = 16, energy: 0.7321311139785394 -> 0.7321266054568696
2026-08-11 02:34:12,254 - vipe.slam.components.buffer - INFO - BA iters = 16, energy: 0.727723003103165 -> 0.7272753923043638
2026-08-11 02:34:12,459 - vipe.slam.components.buffer - INFO - BA iters = 16, energy: 0.7242585628046072 -> 0.7242577461347537
2026-08-11 02:34:12,663 - vipe.slam.components.buffer - INFO - BA iters = 16, energy: 0.7202557114633237 -> 0.7202544101037347
2026-08-11 02:34:12,867 - vipe.slam.components.buffer - INFO - BA iters = 16, energy: 0.7174188979588507 -> 0.7174178291352291
2026-08-11 02:34:13,071 - vipe.slam.components.buffer - INFO - BA iters = 16, energy: 0.7139035393120139 -> 0.7139030475518666
2026-08-11 02:34:13,275 - vipe.slam.components.buffer - INFO - BA iters = 16, energy: 0.7116105337190675 -> 0.7116100880393788
2026-08-11 02:34:13,479 - vipe.slam.components.buffer - INFO - BA iters = 16, energy: 0.7085491511061264 -> 0.7085484477102
2026-08-11 02:34:13,682 - vipe.slam.components.buffer - INFO - BA iters = 16, energy: 0.7063046904168004 -> 0.7063041692581464
2026-08-11 02:34:13,888 - vipe.slam.components.buffer - INFO - BA iters = 16, energy: 0.7037359243331593 -> 0.7037351133294578
2026-08-11 02:34:14,091 - vipe.slam.components.buffer - INFO - BA iters = 16, energy: 0.7017908694269863 -> 0.7017900297923916
2026-08-11 02:34:14,296 - vipe.slam.components.buffer - INFO - BA iters = 16, energy: 0.6994852373718459 -> 0.6994845945628185
2026-08-11 02:34:14,500 - vipe.slam.components.buffer - INFO - BA iters = 16, energy: 0.6978104193112813 -> 0.6978100608685054
2026-08-11 02:35:31,700 - vipe.pipeline.default - INFO - Saving artifacts to ArtifactPath(base_path=PosixPath('/prj/corp/airesearch/lasvegas/vol22-scratch/users/tanngo/PhD/ray_learning/speed_up_video_evaluation/results/vipe_unpinned_rep/fork-unpinned_g8_rep2/artifacts'), artifact_name='recam11')
2026-08-11 02:35:43,677 - vipe.pipeline.processors - INFO - Minimum UV score: 0.4500
[rank 2] 1/1 recam11 wall=195.75s cpu=4209.8s gpu_util=6.9% cores_busy=21.5
[rank 2] DONE 1 videos in 196.8s -> /prj/corp/airesearch/lasvegas/vol22-scratch/users/tanngo/PhD/ray_learning/speed_up_video_evaluation/results/vipe_unpinned_rep/fork-unpinned_g8_rep2/shard_2.json
