[rank 0/8] 1/8 videos | threads=0 (quota=198) | torch=128 | cuda_devices=1
[rank 0] pipeline built in 18.8s
2026-08-11 02:34:06,782 - vipe.slam.components.buffer - INFO - BA iters = 16, energy: 8.109821625053883 -> 6.140526533126831
2026-08-11 02:34:07,129 - vipe.slam.components.buffer - INFO - BA iters = 16, energy: 2.0479144752025604 -> 0.9932099262950942
2026-08-11 02:34:07,465 - vipe.slam.components.buffer - INFO - BA iters = 16, energy: 0.7223218780709431 -> 0.6531031141494168
2026-08-11 02:34:07,909 - vipe.slam.components.buffer - INFO - BA iters = 16, energy: 0.8668646067380905 -> 0.6863511642732192
2026-08-11 02:34:08,128 - vipe.slam.components.buffer - INFO - BA iters = 16, energy: 0.6888748249184573 -> 0.687086133955745
2026-08-11 02:34:08,345 - vipe.slam.components.buffer - INFO - BA iters = 16, energy: 0.6975512198259821 -> 0.697107463813154
2026-08-11 02:34:08,562 - vipe.slam.components.buffer - INFO - BA iters = 16, energy: 0.6886077820672654 -> 0.6884391830972163
2026-08-11 02:34:08,908 - vipe.slam.components.buffer - INFO - BA iters = 16, energy: 5.993725410546176 -> 5.163453459739685
2026-08-11 02:34:09,238 - vipe.slam.components.buffer - INFO - BA iters = 16, energy: 2.043278068304062 -> 0.9416482959641144
2026-08-11 02:34:09,570 - vipe.slam.components.buffer - INFO - BA iters = 16, energy: 0.7005409026751295 -> 0.6302043926843908
2026-08-11 02:34:09,900 - vipe.slam.components.buffer - INFO - BA iters = 16, energy: 0.6897078296460677 -> 0.6785648515069624
2026-08-11 02:34:10,231 - vipe.slam.components.buffer - INFO - BA iters = 16, energy: 0.6828587702766526 -> 0.6805728812760208
2026-08-11 02:34:10,561 - vipe.slam.components.buffer - INFO - BA iters = 16, energy: 0.6889681358152302 -> 0.688445290652453
2026-08-11 02:34:10,892 - vipe.slam.components.buffer - INFO - BA iters = 16, energy: 0.6808778851118404 -> 0.6807313515455462
2026-08-11 02:34:11,223 - vipe.slam.components.buffer - INFO - BA iters = 16, energy: 0.6720415902527748 -> 0.671968388807727
2026-08-11 02:34:11,554 - vipe.slam.components.buffer - INFO - BA iters = 16, energy: 0.6590877652706695 -> 0.6590732824988663
2026-08-11 02:34:11,884 - vipe.slam.components.buffer - INFO - BA iters = 16, energy: 0.648345280875219 -> 0.6483363546067267
2026-08-11 02:34:12,215 - vipe.slam.components.buffer - INFO - BA iters = 16, energy: 0.6378491556970403 -> 0.6378442911809543
2026-08-11 02:34:12,547 - vipe.slam.components.buffer - INFO - BA iters = 16, energy: 0.6286919383564964 -> 0.6286890523770126
2026-08-11 02:34:12,982 - vipe.slam.components.buffer - INFO - BA iters = 16, energy: 0.6206538904516492 -> 0.6206349427666282
2026-08-11 02:34:13,199 - vipe.slam.components.buffer - INFO - BA iters = 16, energy: 0.6135633881931426 -> 0.613562295344309
2026-08-11 02:34:13,414 - vipe.slam.components.buffer - INFO - BA iters = 16, energy: 0.6071603392483667 -> 0.6071595356843318
2026-08-11 02:34:13,629 - vipe.slam.components.buffer - INFO - BA iters = 16, energy: 0.6013230488460977 -> 0.6013225707647507
2026-08-11 02:34:13,843 - vipe.slam.components.buffer - INFO - BA iters = 16, energy: 0.5958916339441203 -> 0.5958909295441117
2026-08-11 02:34:14,061 - vipe.slam.components.buffer - INFO - BA iters = 16, energy: 0.5908731720701326 -> 0.5908727450441802
2026-08-11 02:34:14,275 - vipe.slam.components.buffer - INFO - BA iters = 16, energy: 0.5863627596772858 -> 0.5863623888435541
2026-08-11 02:34:14,490 - vipe.slam.components.buffer - INFO - BA iters = 16, energy: 0.5821237833297346 -> 0.5821234690811252
2026-08-11 02:34:14,704 - vipe.slam.components.buffer - INFO - BA iters = 16, energy: 0.5781141627958277 -> 0.5781137665035203
2026-08-11 02:34:14,919 - vipe.slam.components.buffer - INFO - BA iters = 16, energy: 0.5743934830243234 -> 0.5743931514589349
2026-08-11 02:34:15,134 - vipe.slam.components.buffer - INFO - BA iters = 16, energy: 0.5709692222153535 -> 0.5709690206858795
2026-08-11 02:34:15,349 - vipe.slam.components.buffer - INFO - BA iters = 16, energy: 0.5675710791183519 -> 0.5675709117931547
2026-08-11 02:35:32,879 - vipe.pipeline.default - INFO - Saving artifacts to ArtifactPath(base_path=PosixPath('/prj/corp/airesearch/lasvegas/vol22-scratch/users/tanngo/PhD/ray_learning/speed_up_video_evaluation/results/vipe_unpinned_rep/fork-unpinned_g8_rep2/artifacts'), artifact_name='recam1')
2026-08-11 02:35:44,711 - vipe.pipeline.processors - INFO - Minimum UV score: 0.2200
[rank 0] 1/1 recam1 wall=194.67s cpu=3975.2s gpu_util=7.06% cores_busy=20.4
[rank 0] DONE 1 videos in 195.7s -> /prj/corp/airesearch/lasvegas/vol22-scratch/users/tanngo/PhD/ray_learning/speed_up_video_evaluation/results/vipe_unpinned_rep/fork-unpinned_g8_rep2/shard_0.json
