$ /usr2/tanngo/vol11/miniconda3/envs/vipe-new/bin/python /prj/corp/airesearch/lasvegas/vol22-scratch/users/tanngo/PhD/ray_learning/speed_up_video_evaluation/movebench/run_ray.py --dataset data/eval81 --gpus 8 --threads-mode tuned --out /prj/corp/airesearch/lasvegas/vol22-scratch/users/tanngo/PhD/ray_learning/speed_up_video_evaluation/results/movebench_launcher_rep/ray-tuned_g8_rep2 --limit 48 --max-frames 24

2026-08-11 03:07:06,559	WARNING utils.py:461 -- Detecting docker specified CPUs. In previous versions of Ray, CPU detection in containers was incorrect. Please ensure that Ray has enough CPUs allocated. As a temporary workaround to revert to the prior behavior, set `RAY_USE_MULTIPROCESSING_CPU_COUNT=1` as an env var before starting Ray. Set the env var: `RAY_DISABLE_DOCKER_CPU_WARNING=1` to mute this warning.
2026-08-11 03:07:07,957	INFO worker.py:2012 -- Started a local Ray instance.
/usr2/tanngo/vol11/miniconda3/envs/vipe-new/lib/python3.11/site-packages/ray/_private/worker.py:2051: FutureWarning: Tip: In future versions of Ray, Ray will no longer override accelerator visible devices env var if num_gpus=0 or num_gpus=None (default). To enable this behavior and turn off this error message, set RAY_ACCEL_ENV_VAR_OVERRIDE_ON_ZERO=0
  warnings.warn(
==============================================================
 launcher     : Ray actor pool (dynamic work queue)
 dataset      : data/eval81  (48 videos)
 pool size    : 8 actors (1 GPU each)
 CPU quota    : 198   | Ray detected: 198   | nproc: 256
 threads mode : tuned   num_cpus=24.0  torch.set_num_threads(24)
 out          : /prj/corp/airesearch/lasvegas/vol22-scratch/users/tanngo/PhD/ray_learning/speed_up_video_evaluation/results/movebench_launcher_rep/ray-tuned_g8_rep2
==============================================================
 actor pool ready in 16.6s
   actor 0: load=13.826s OMP=24 torch_threads=24
   actor 1: load=13.689s OMP=24 torch_threads=24
   actor 2: load=13.786s OMP=24 torch_threads=24
   actor 3: load=13.708s OMP=24 torch_threads=24
   actor 4: load=13.698s OMP=24 torch_threads=24
   actor 5: load=13.785s OMP=24 torch_threads=24
   actor 6: load=13.756s OMP=24 torch_threads=24
   actor 7: load=13.812s OMP=24 torch_threads=24
 [1/48] recam1_0007 actor=0 wall=23.61s cpu=402.0s gpu_util=4.05% cores_busy=17.0
 [2/48] recam1_0005 actor=2 wall=24.60s cpu=420.4s gpu_util=3.52% cores_busy=17.1
 [3/48] recam1_0004 actor=3 wall=24.71s cpu=424.6s gpu_util=4.28% cores_busy=17.2
 [4/48] recam1_0000 actor=7 wall=25.25s cpu=434.9s gpu_util=3.6% cores_busy=17.2
 [5/48] recam1_0006 actor=1 wall=25.44s cpu=432.5s gpu_util=4.22% cores_busy=17.0
 [6/48] recam1_0001 actor=6 wall=25.45s cpu=435.4s gpu_util=3.78% cores_busy=17.1
 [7/48] recam1_0003 actor=4 wall=25.84s cpu=443.8s gpu_util=3.73% cores_busy=17.2
 [8/48] recam1_0002 actor=5 wall=25.97s cpu=442.8s gpu_util=3.16% cores_busy=17.1
 [9/48] recam1_0008 actor=0 wall=24.81s cpu=416.6s gpu_util=4.27% cores_busy=16.8
 [10/48] recam1_0009 actor=2 wall=24.48s cpu=415.6s gpu_util=3.95% cores_busy=17.0
 [11/48] recam1_0011 actor=7 wall=25.08s cpu=427.8s gpu_util=4.01% cores_busy=17.1
 [12/48] recam1_0013 actor=6 wall=25.01s cpu=421.2s gpu_util=5.0% cores_busy=16.8
 [13/48] recam1_0010 actor=3 wall=25.81s cpu=433.1s gpu_util=3.74% cores_busy=16.8
 [14/48] recam1_0012 actor=1 wall=25.17s cpu=427.6s gpu_util=3.92% cores_busy=17.0
 [15/48] recam1_0014 actor=4 wall=25.54s cpu=431.8s gpu_util=3.55% cores_busy=16.9
 [16/48] recam1_0015 actor=5 wall=25.52s cpu=430.0s gpu_util=4.74% cores_busy=16.8
 [17/48] recam1_0016 actor=0 wall=24.96s cpu=422.5s gpu_util=4.19% cores_busy=16.9
 [18/48] recam1_0017 actor=2 wall=24.68s cpu=420.5s gpu_util=4.64% cores_busy=17.0
 [19/48] recam1_0019 actor=6 wall=24.49s cpu=416.7s gpu_util=3.79% cores_busy=17.0
 [20/48] recam1_0020 actor=3 wall=25.43s cpu=435.1s gpu_util=4.99% cores_busy=17.1
 [21/48] recam1_0018 actor=7 wall=25.71s cpu=433.8s gpu_util=4.14% cores_busy=16.9
 [22/48] recam1_0021 actor=1 wall=25.64s cpu=436.0s gpu_util=4.27% cores_busy=17.0
 [23/48] recam1_0023 actor=5 wall=25.17s cpu=426.8s gpu_util=4.89% cores_busy=17.0
 [24/48] recam1_0022 actor=4 wall=26.18s cpu=442.6s gpu_util=3.71% cores_busy=16.9
 [25/48] recam1_0025 actor=2 wall=24.71s cpu=416.9s gpu_util=4.58% cores_busy=16.9
 [26/48] recam1_0024 actor=0 wall=25.28s cpu=424.9s gpu_util=4.28% cores_busy=16.8
 [27/48] recam1_0026 actor=6 wall=24.98s cpu=424.1s gpu_util=4.8% cores_busy=17.0
 [28/48] recam1_0027 actor=3 wall=25.33s cpu=431.3s gpu_util=4.26% cores_busy=17.0
 [29/48] recam1_0029 actor=1 wall=25.53s cpu=436.7s gpu_util=3.55% cores_busy=17.1
 [30/48] recam1_0028 actor=7 wall=25.96s cpu=436.8s gpu_util=3.66% cores_busy=16.8
 [31/48] recam1_0030 actor=5 wall=25.75s cpu=437.0s gpu_util=3.74% cores_busy=17.0
 [32/48] recam1_0031 actor=4 wall=26.13s cpu=444.3s gpu_util=4.16% cores_busy=17.0
 [33/48] recam1_0032 actor=2 wall=24.89s cpu=421.6s gpu_util=5.23% cores_busy=16.9
 [34/48] recam1_0033 actor=0 wall=26.24s cpu=440.2s gpu_util=3.45% cores_busy=16.8
 [35/48] recam1_0034 actor=6 wall=25.46s cpu=425.5s gpu_util=5.22% cores_busy=16.7
 [36/48] recam1_0035 actor=3 wall=25.23s cpu=431.5s gpu_util=4.5% cores_busy=17.1
 [37/48] recam1_0037 actor=7 wall=25.43s cpu=433.4s gpu_util=4.07% cores_busy=17.0
 [38/48] recam1_0036 actor=1 wall=26.22s cpu=442.6s gpu_util=3.92% cores_busy=16.9
 [39/48] recam1_0038 actor=5 wall=25.63s cpu=433.8s gpu_util=4.58% cores_busy=16.9
 [40/48] recam1_0039 actor=4 wall=26.21s cpu=443.7s gpu_util=3.84% cores_busy=16.9
 [41/48] recam1_0040 actor=2 wall=24.76s cpu=417.0s gpu_util=3.75% cores_busy=16.8
 [42/48] recam1_0041 actor=0 wall=24.85s cpu=415.8s gpu_util=4.2% cores_busy=16.7
 [43/48] recam1_0042 actor=6 wall=24.66s cpu=418.0s gpu_util=3.67% cores_busy=16.9
 [44/48] recam1_0043 actor=3 wall=24.80s cpu=421.4s gpu_util=4.31% cores_busy=17.0
 [45/48] recam1_0044 actor=7 wall=24.63s cpu=422.0s gpu_util=4.09% cores_busy=17.1
 [46/48] recam1_0046 actor=5 wall=25.47s cpu=430.3s gpu_util=2.67% cores_busy=16.9
 [47/48] recam1_0045 actor=1 wall=25.55s cpu=430.7s gpu_util=4.03% cores_busy=16.9
 [48/48] recam1_0047 actor=4 wall=24.70s cpu=414.4s gpu_util=4.08% cores_busy=16.8
 merged       : 8 shards, 48 videos
   tree-reduce round 1: 8 -> 4  (r0+r1) (r2+r3) (r4+r5) (r6+r7)
   tree-reduce round 2: 4 -> 2  ((r0+r1)+(r2+r3)) ((r4+r5)+(r6+r7))
   tree-reduce round 3: 2 -> 1  (((r0+r1)+(r2+r3))+((r4+r5)+(r6+r7)))
 scores       : clip=0.9421  epe=2.1085  lpips=0.2567  ssim=0.9197  psnr=27.9234
 imbalance    : 1.044x (slowest shard 154.609s / fastest 148.1s)
 per video    : cpu=428.499s  gpu_busy=1.035s
 summary      : /prj/corp/airesearch/lasvegas/vol22-scratch/users/tanngo/PhD/ray_learning/speed_up_video_evaluation/results/movebench_launcher_rep/ray-tuned_g8_rep2/summary.json
--------------------------------------------------------------
 cold start   : 16.61s (actor pool + model load)
 compute      : 154.63s
 wall clock   : 171.24s
 per actor    : {0: 6, 1: 6, 2: 6, 3: 6, 4: 6, 5: 6, 6: 6, 7: 6} videos
